Renesas Optimizing Linker (W2.06.00 )             05-Oct-2017 17:50:51

*** Options ***

-subcommand=LinkerSubCommand.tmp
-input="./src/cg_src/r_cg_cgc.obj"
-input="./src/cg_src/r_cg_cgc_user.obj"
-input="./src/cg_src/r_cg_dbsct.obj"
-input="./src/cg_src/r_cg_hardware_setup.obj"
-input="./src/cg_src/r_cg_icu.obj"
-input="./src/cg_src/r_cg_icu_user.obj"
-input="./src/cg_src/r_cg_intprg.obj"
-input="./src/cg_src/r_cg_main.obj"
-input="./src/cg_src/r_cg_port.obj"
-input="./src/cg_src/r_cg_port_user.obj"
-input="./src/cg_src/r_cg_resetprg.obj"
-input="./src/cg_src/r_cg_sbrk.obj"
-input="./src/cg_src/r_cg_vecttbl.obj"
-start=SU,SI,B_1,R_1,B_2,R_2,B,R/04,PResetPRG,C_1,C_2,C,C$*,D*,W*,L,PIntPRG,P/0FFF80000,EXCEPTVECT/0FFFFFF80,RESETVECT/0FFFFFFFC
-library=C:\Users\katrina\E2_STU~1\WORKSP~1\INTERR~2\HARDWA~2\Interrupt_Buttons.lib
-noprelink
-list=Interrupt_Buttons.map
-show
-nooptimize
-debug
-output=C:\Users\katrina\e2_studio\workspace\Interrupt_Buttons\HardwareDebug\Interrupt_Buttons.abs
-rom=D=R,D_1=R_1,D_2=R_2
-nocompress
-nomessage
-nologo

*** Error information ***

*** Mapping List ***

SECTION                            START      END         SIZE   ALIGN

SU
                                  00000004  00000103       100   4
SI
                                  00000104  00000403       300   4
B_1
                                  00000404  00000404         0   1
R_1
                                  00000404  00000404         0   1
B_2
                                  00000404  00000803       400   2
R_2
                                  00000804  00000804         0   1
B
                                  00000804  00000804         0   1
R
                                  00000804  0000080b         8   4
PResetPRG
                                  fff80000  fff8003d        3e   1
C_1
                                  fff8003e  fff8003e         0   1
C_2
                                  fff8003e  fff8003e         0   1
C
                                  fff80040  fff80073        34   4
C$DSEC
                                  fff80074  fff80097        24   4
C$BSEC
                                  fff80098  fff800af        18   4
C$INIT
                                  fff800b0  fff800b0         0   1
C$VECT
                                  fff800b0  fff804af       400   4
C$VTBL
                                  fff804b0  fff804b0         0   1
D
                                  fff804b0  fff804b7         8   4
D_1
                                  fff804b8  fff804b8         0   1
D_2
                                  fff804b8  fff804b8         0   1
W
                                  fff804b8  fff804b8         0   1
W_1
                                  fff804b8  fff804b8         0   1
W_2
                                  fff804b8  fff804b8         0   1
L
                                  fff804b8  fff804b8         0   1
PIntPRG
                                  fff804b8  fff804c5         e   1
P
                                  fff804c6  fff807bd       2f8   1
EXCEPTVECT
                                  ffffff80  fffffffb        7c   4
RESETVECT
                                  fffffffc  ffffffff         4   4

*** Symbol List ***

SECTION=
FILE=                               START        END    SIZE
  SYMBOL                            ADDR        SIZE    INFO      COUNTS  OPT

SECTION=SU
FILE=.\src\cg_src\r_cg_resetprg.obj
                                  00000004  00000103       100

SECTION=SI
FILE=.\src\cg_src\r_cg_resetprg.obj
                                  00000104  00000403       300

SECTION=B_2
FILE=.\src\cg_src\r_cg_sbrk.obj
                                  00000404  00000803       400
  _heap_area
                                  00000404       400   data ,l         2

SECTION=R
FILE=.\src\cg_src\r_cg_icu_user.obj
                                  00000804  00000807         4
  _x
                                  00000804         4   data ,g         2
FILE=.\src\cg_src\r_cg_sbrk.obj
                                  00000808  0000080b         4
  _brk
                                  00000808         4   data ,l         3

SECTION=PResetPRG
FILE=.\src\cg_src\r_cg_resetprg.obj
                                  fff80000  fff8003d        3e
  _PowerON_Reset_PC
                                  fff80000        3e   entry,g         1

SECTION=C
FILE=.\src\cg_src\r_cg_dbsct.obj
                                  fff80040  fff80073        34
  __CTBL
                                  fff80040        34   data ,g         0

SECTION=C$DSEC
FILE=.\src\cg_src\r_cg_dbsct.obj
                                  fff80074  fff80097        24
  __DTBL
                                  fff80074        24   data ,g         0

SECTION=C$BSEC
FILE=.\src\cg_src\r_cg_dbsct.obj
                                  fff80098  fff800af        18
  __BTBL
                                  fff80098        18   data ,g         0

SECTION=C$VECT
FILE=.\src\cg_src\r_cg_dbsct.obj
                                  fff800b0  fff804af       400

SECTION=D
FILE=.\src\cg_src\r_cg_icu_user.obj
                                  fff804b0  fff804b3         4
FILE=.\src\cg_src\r_cg_sbrk.obj
                                  fff804b4  fff804b7         4

SECTION=PIntPRG
FILE=.\src\cg_src\r_cg_intprg.obj
                                  fff804b8  fff804c5         e
  _r_undefined_exception
                                  fff804b8         2   func ,g         1
  _r_privileged_exception
                                  fff804ba         2   func ,g         1
  _r_floatingpoint_exception
                                  fff804bc         2   func ,g         1
  _r_access_exception
                                  fff804be         2   func ,g         1
  _r_reserved_exception
                                  fff804c0         2   func ,g        13
  _r_nmi_exception
                                  fff804c2         2   func ,g         1
  _r_brk_exception
                                  fff804c4         2   func ,g         0

SECTION=P
FILE=.\src\cg_src\r_cg_cgc.obj
                                  fff804c6  fff805b2        ed
  _R_CGC_Create
                                  fff804c6        ed   func ,g         1
FILE=.\src\cg_src\r_cg_hardware_setup.obj
                                  fff805b3  fff805f1        3f
  _R_Systeminit
                                  fff805b3        3b   func ,g         1
  _HardwareSetup
                                  fff805ee         4   func ,g         1
FILE=.\src\cg_src\r_cg_icu.obj
                                  fff805f2  fff806a5        b4
  _R_ICU_Create
                                  fff805f2        94   func ,g         2
  _R_ICU_IRQ1_Start
                                  fff80686         8   func ,g         2
  _R_ICU_IRQ1_Stop
                                  fff8068e         8   func ,g         1
  _R_ICU_IRQ4_Start
                                  fff80696         8   func ,g         1
  _R_ICU_IRQ4_Stop
                                  fff8069e         8   func ,g         0
FILE=.\src\cg_src\r_cg_icu_user.obj
                                  fff806a6  fff806e1        3c
  _r_icu_irq1_interrupt
                                  fff806a6        11   func ,l         0
  _r_icu_irq4_interrupt
                                  fff806b7        2b   func ,l         0
FILE=.\src\cg_src\r_cg_main.obj
                                  fff806e2  fff8072e        4d
  _main
                                  fff806e2        1d   func ,g         1
  _R_MAIN_UserInit
                                  fff806ff        30   func ,l         1
FILE=.\src\cg_src\r_cg_port.obj
                                  fff8072f  fff80737         9
  _R_PORT_Create
                                  fff8072f         9   func ,g         2
FILE=.\src\cg_src\r_cg_sbrk.obj
                                  fff80738  fff80773        3c
  _sbrk
                                  fff80738        3c   func ,g         0
FILE=__initsct
                                  fff80774  fff807bd        4a
  __INITSCT
                                  fff80774         0   none ,g         1
  loop1
                                  fff80786         0   none ,l         1
  next_loop1
                                  fff80794         0   none ,l         2
  loop3
                                  fff807a6         0   none ,l         1
  next_loop3
                                  fff807b7         0   none ,l         2

SECTION=EXCEPTVECT
FILE=.\src\cg_src\r_cg_vecttbl.obj
                                  ffffff80  fffffffb        7c
  _Excpt_Vectors
                                  ffffff80        7c   data ,g         0

SECTION=RESETVECT
FILE=.\src\cg_src\r_cg_vecttbl.obj
                                  fffffffc  ffffffff         4
  _Reset_Vectors
                                  fffffffc         4   data ,g         0

*** Unfilled Areas ***

AREA                                START    END

*** Delete Symbols ***

SYMBOL                                SIZE    INFO
