Renesas Optimizing Linker (W2.06.00 )             26-Oct-2017 16:48:01

*** Options ***

-subcommand=LinkerSubCommand.tmp
-input="./src/cg_src/r_cg_cgc.obj"
-input="./src/cg_src/r_cg_cgc_user.obj"
-input="./src/cg_src/r_cg_dbsct.obj"
-input="./src/cg_src/r_cg_hardware_setup.obj"
-input="./src/cg_src/r_cg_intprg.obj"
-input="./src/cg_src/r_cg_main.obj"
-input="./src/cg_src/r_cg_port.obj"
-input="./src/cg_src/r_cg_port_user.obj"
-input="./src/cg_src/r_cg_resetprg.obj"
-input="./src/cg_src/r_cg_sbrk.obj"
-input="./src/cg_src/r_cg_sci.obj"
-input="./src/cg_src/r_cg_sci_user.obj"
-input="./src/cg_src/r_cg_vecttbl.obj"
-start=SU,SI,B_1,R_1,B_2,R_2,B,R/04,PResetPRG,C_1,C_2,C,C$*,D*,W*,L,PIntPRG,P/0FFF80000,EXCEPTVECT/0FFFFFF80,RESETVECT/0FFFFFFFC
-library=C:\Users\katrina\E2_STU~1\WORKSP~1\SCI_BU~3\HARDWA~2\SCI_Buttonss.lib
-noprelink
-list=SCI_Buttonss.map
-show
-nooptimize
-debug
-output=C:\Users\katrina\e2_studio\workspace\SCI_Buttonss\HardwareDebug\SCI_Buttonss.abs
-rom=D=R,D_1=R_1,D_2=R_2
-nocompress
-nomessage
-nologo

*** Error information ***

*** Mapping List ***

SECTION                            START      END         SIZE   ALIGN

SU
                                  00000004  00000103       100   4
SI
                                  00000104  00000403       300   4
B_1
                                  00000404  00000404         0   1
R_1
                                  00000404  000004b2        af   1
B_2
                                  000004b4  000008b9       406   2
R_2
                                  000008ba  000008ba         0   1
B
                                  000008bc  000008c3         8   4
R
                                  000008c4  000008cb         8   4
PResetPRG
                                  fff80000  fff8003d        3e   1
C_1
                                  fff8003e  fff8003e         0   1
C_2
                                  fff8003e  fff8003e         0   1
C
                                  fff80040  fff80073        34   4
C$DSEC
                                  fff80074  fff80097        24   4
C$BSEC
                                  fff80098  fff800af        18   4
C$INIT
                                  fff800b0  fff800b0         0   1
C$VECT
                                  fff800b0  fff804af       400   4
C$VTBL
                                  fff804b0  fff804b0         0   1
D
                                  fff804b0  fff804b7         8   4
D_1
                                  fff804b8  fff80566        af   1
D_2
                                  fff80567  fff80567         0   1
W
                                  fff80567  fff80567         0   1
W_1
                                  fff80567  fff80567         0   1
W_2
                                  fff80567  fff80567         0   1
L
                                  fff80567  fff80567         0   1
PIntPRG
                                  fff80567  fff80574         e   1
P
                                  fff80575  fff80b8e       61a   1
EXCEPTVECT
                                  ffffff80  fffffffb        7c   4
RESETVECT
                                  fffffffc  ffffffff         4   4

*** Symbol List ***

SECTION=
FILE=                               START        END    SIZE
  SYMBOL                            ADDR        SIZE    INFO      COUNTS  OPT

SECTION=SU
FILE=.\src\cg_src\r_cg_resetprg.obj
                                  00000004  00000103       100

SECTION=SI
FILE=.\src\cg_src\r_cg_resetprg.obj
                                  00000104  00000403       300

SECTION=R_1
FILE=.\src\cg_src\r_cg_main.obj
                                  00000404  000004b2        af
  _keyonetwo
                                  00000404        19   data ,g         1
  _keytwothree
                                  0000041d        19   data ,g         1
  _keyonethree
                                  00000436        19   data ,g         1
  _keyone
                                  0000044f        19   data ,g         1
  _keytwo
                                  00000468        19   data ,g         1
  _keythree
                                  00000481        19   data ,g         1
  _allkey
                                  0000049a        19   data ,g         1

SECTION=B_2
FILE=.\src\cg_src\r_cg_sbrk.obj
                                  000004b4  000008b3       400
  _heap_area
                                  000004b4       400   data ,l         2
FILE=.\src\cg_src\r_cg_sci.obj
                                  000008b4  000008b9         6
  _g_sci5_tx_count
                                  000008b4         2   data ,g         3
  _g_sci5_rx_count
                                  000008b6         2   data ,g         4
  _g_sci5_rx_length
                                  000008b8         2   data ,g         3

SECTION=B
FILE=.\src\cg_src\r_cg_sci.obj
                                  000008bc  000008c3         8
  _gp_sci5_tx_address
                                  000008bc         4   data ,g         3
  _gp_sci5_rx_address
                                  000008c0         4   data ,g         3

SECTION=R
FILE=.\src\cg_src\r_cg_sbrk.obj
                                  000008c4  000008c7         4
  _brk
                                  000008c4         4   data ,l         3
FILE=.\src\cg_src\r_cg_sci_user.obj
                                  000008c8  000008cb         4
  _flag
                                  000008c8         4   data ,g         a

SECTION=PResetPRG
FILE=.\src\cg_src\r_cg_resetprg.obj
                                  fff80000  fff8003d        3e
  _PowerON_Reset_PC
                                  fff80000        3e   entry,g         1

SECTION=C
FILE=.\src\cg_src\r_cg_dbsct.obj
                                  fff80040  fff80073        34
  __CTBL
                                  fff80040        34   data ,g         0

SECTION=C$DSEC
FILE=.\src\cg_src\r_cg_dbsct.obj
                                  fff80074  fff80097        24
  __DTBL
                                  fff80074        24   data ,g         0

SECTION=C$BSEC
FILE=.\src\cg_src\r_cg_dbsct.obj
                                  fff80098  fff800af        18
  __BTBL
                                  fff80098        18   data ,g         0

SECTION=C$VECT
FILE=.\src\cg_src\r_cg_dbsct.obj
                                  fff800b0  fff804af       400

SECTION=D
FILE=.\src\cg_src\r_cg_sbrk.obj
                                  fff804b0  fff804b3         4
FILE=.\src\cg_src\r_cg_sci_user.obj
                                  fff804b4  fff804b7         4

SECTION=D_1
FILE=.\src\cg_src\r_cg_main.obj
                                  fff804b8  fff80566        af

SECTION=PIntPRG
FILE=.\src\cg_src\r_cg_intprg.obj
                                  fff80567  fff80574         e
  _r_undefined_exception
                                  fff80567         2   func ,g         1
  _r_privileged_exception
                                  fff80569         2   func ,g         1
  _r_floatingpoint_exception
                                  fff8056b         2   func ,g         1
  _r_access_exception
                                  fff8056d         2   func ,g         1
  _r_reserved_exception
                                  fff8056f         2   func ,g        13
  _r_nmi_exception
                                  fff80571         2   func ,g         1
  _r_brk_exception
                                  fff80573         2   func ,g         0

SECTION=P
FILE=.\src\cg_src\r_cg_cgc.obj
                                  fff80575  fff80661        ed
  _R_CGC_Create
                                  fff80575        ed   func ,g         1
FILE=.\src\cg_src\r_cg_hardware_setup.obj
                                  fff80662  fff806a0        3f
  _R_Systeminit
                                  fff80662        3b   func ,g         1
  _HardwareSetup
                                  fff8069d         4   func ,g         1
FILE=.\src\cg_src\r_cg_main.obj
                                  fff806a1  fff80829       189
  _main
                                  fff806a1       159   func ,g         1
  _R_MAIN_UserInit
                                  fff807fa        30   func ,l         1
FILE=.\src\cg_src\r_cg_port.obj
                                  fff8082a  fff8083a        11
  _R_PORT_Create
                                  fff8082a        11   func ,g         2
FILE=.\src\cg_src\r_cg_sbrk.obj
                                  fff8083b  fff80876        3c
  _sbrk
                                  fff8083b        3c   func ,g         0
FILE=.\src\cg_src\r_cg_sci.obj
                                  fff80877  fff80a2d       1b7
  _R_SCI5_Create
                                  fff80877        99   func ,g         2
  _R_SCI5_Start
                                  fff80910        34   func ,g         1
  _R_SCI5_Stop
                                  fff80944        5c   func ,g         0
  _R_SCI5_Serial_Receive
                                  fff809a0        46   func ,g         0
  _R_SCI5_Serial_Send
                                  fff809e6        48   func ,g         7
FILE=.\src\cg_src\r_cg_sci_user.obj
                                  fff80a2e  fff80b44       117
  _r_sci5_transmit_interrupt
                                  fff80a2e        4c   func ,l         0
  _r_sci5_transmitend_interrupt
                                  fff80a7a        2e   func ,l         0
  _r_sci5_receive_interrupt
                                  fff80aa8        60   func ,l         0
  _r_sci5_receiveerror_interrupt
                                  fff80b08        31   func ,l         0
  _r_sci5_callback_transmitend
                                  fff80b39         a   func ,l         1
  _r_sci5_callback_receiveend
                                  fff80b43         1   func ,l         1
  _r_sci5_callback_receiveerror
                                  fff80b44         1   func ,l         1
FILE=__initsct
                                  fff80b45  fff80b8e        4a
  __INITSCT
                                  fff80b45         0   none ,g         1
  loop1
                                  fff80b57         0   none ,l         1
  next_loop1
                                  fff80b65         0   none ,l         2
  loop3
                                  fff80b77         0   none ,l         1
  next_loop3
                                  fff80b88         0   none ,l         2

SECTION=EXCEPTVECT
FILE=.\src\cg_src\r_cg_vecttbl.obj
                                  ffffff80  fffffffb        7c
  _Excpt_Vectors
                                  ffffff80        7c   data ,g         0

SECTION=RESETVECT
FILE=.\src\cg_src\r_cg_vecttbl.obj
                                  fffffffc  ffffffff         4
  _Reset_Vectors
                                  fffffffc         4   data ,g         0

*** Unfilled Areas ***

AREA                                START    END

*** Delete Symbols ***

SYMBOL                                SIZE    INFO
