Renesas Optimizing Linker (W2.06.00 )             23-Nov-2017 16:55:15

*** Options ***

-subcommand=LinkerSubCommand.tmp
-input="./src/cg_src/r_cg_cgc.obj"
-input="./src/cg_src/r_cg_cgc_user.obj"
-input="./src/cg_src/r_cg_dbsct.obj"
-input="./src/cg_src/r_cg_hardware_setup.obj"
-input="./src/cg_src/r_cg_intprg.obj"
-input="./src/cg_src/r_cg_main.obj"
-input="./src/cg_src/r_cg_resetprg.obj"
-input="./src/cg_src/r_cg_sbrk.obj"
-input="./src/cg_src/r_cg_sci.obj"
-input="./src/cg_src/r_cg_sci_user.obj"
-input="./src/cg_src/r_cg_vecttbl.obj"
-start=SU,SI,B_1,R_1,B_2,R_2,B,R/04,PResetPRG,C_1,C_2,C,C$*,D*,W*,L,PIntPRG,P/0FFF80000,EXCEPTVECT/0FFFFFF80,RESETVECT/0FFFFFFFC
-library=C:\Users\katrina\E2_STU~1\WORKSP~1\SCI_CO~2\HARDWA~2\SCI_Computer_3_3.lib
-noprelink
-list=SCI_Computer_3_3.map
-show
-nooptimize
-debug
-output=C:\Users\katrina\e2_studio\workspace\SCI_Computer_3_3\HardwareDebug\SCI_Computer_3_3.abs
-rom=D=R,D_1=R_1,D_2=R_2
-nocompress
-nomessage
-nologo

*** Error information ***

*** Mapping List ***

SECTION                            START      END         SIZE   ALIGN

SU
                                  00000004  00000103       100   4
SI
                                  00000104  00000403       300   4
B_1
                                  00000404  00000404         0   1
R_1
                                  00000404  0000040b         8   1
B_2
                                  0000040c  00000811       406   2
R_2
                                  00000812  00000812         0   1
B
                                  00000814  0000081b         8   4
R
                                  0000081c  0000081f         4   4
PResetPRG
                                  fff80000  fff8003d        3e   1
C_1
                                  fff8003e  fff8003e         0   1
C_2
                                  fff8003e  fff8003e         0   1
C
                                  fff80040  fff80073        34   4
C$DSEC
                                  fff80074  fff80097        24   4
C$BSEC
                                  fff80098  fff800af        18   4
C$INIT
                                  fff800b0  fff800b0         0   1
C$VECT
                                  fff800b0  fff804af       400   4
C$VTBL
                                  fff804b0  fff804b0         0   1
D
                                  fff804b0  fff804b3         4   4
D_1
                                  fff804b4  fff804bb         8   1
D_2
                                  fff804bc  fff804bc         0   1
W
                                  fff804bc  fff804bc         0   1
W_1
                                  fff804bc  fff804bc         0   1
W_2
                                  fff804bc  fff804bc         0   1
L
                                  fff804bc  fff804bc         0   1
PIntPRG
                                  fff804bc  fff804c9         e   1
P
                                  fff804ca  fff808e8       41f   1
EXCEPTVECT
                                  ffffff80  fffffffb        7c   4
RESETVECT
                                  fffffffc  ffffffff         4   4

*** Symbol List ***

SECTION=
FILE=                               START        END    SIZE
  SYMBOL                            ADDR        SIZE    INFO      COUNTS  OPT

SECTION=SU
FILE=.\src\cg_src\r_cg_resetprg.obj
                                  00000004  00000103       100

SECTION=SI
FILE=.\src\cg_src\r_cg_resetprg.obj
                                  00000104  00000403       300

SECTION=R_1
FILE=.\src\cg_src\r_cg_main.obj
                                  00000404  0000040b         8
  _num
                                  00000404         8   data ,g         2

SECTION=B_2
FILE=.\src\cg_src\r_cg_sbrk.obj
                                  0000040c  0000080b       400
  _heap_area
                                  0000040c       400   data ,l         2
FILE=.\src\cg_src\r_cg_sci.obj
                                  0000080c  00000811         6
  _g_sci5_tx_count
                                  0000080c         2   data ,g         2
  _g_sci5_rx_count
                                  0000080e         2   data ,g         2
  _g_sci5_rx_length
                                  00000810         2   data ,g         2

SECTION=B
FILE=.\src\cg_src\r_cg_sci.obj
                                  00000814  0000081b         8
  _gp_sci5_tx_address
                                  00000814         4   data ,g         2
  _gp_sci5_rx_address
                                  00000818         4   data ,g         2

SECTION=R
FILE=.\src\cg_src\r_cg_sbrk.obj
                                  0000081c  0000081f         4
  _brk
                                  0000081c         4   data ,l         1

SECTION=PResetPRG
FILE=.\src\cg_src\r_cg_resetprg.obj
                                  fff80000  fff8003d        3e
  _PowerON_Reset_PC
                                  fff80000        3e   entry,g         1

SECTION=C
FILE=.\src\cg_src\r_cg_dbsct.obj
                                  fff80040  fff80073        34
  __CTBL
                                  fff80040        34   data ,g         0

SECTION=C$DSEC
FILE=.\src\cg_src\r_cg_dbsct.obj
                                  fff80074  fff80097        24
  __DTBL
                                  fff80074        24   data ,g         0

SECTION=C$BSEC
FILE=.\src\cg_src\r_cg_dbsct.obj
                                  fff80098  fff800af        18
  __BTBL
                                  fff80098        18   data ,g         0

SECTION=C$VECT
FILE=.\src\cg_src\r_cg_dbsct.obj
                                  fff800b0  fff804af       400

SECTION=D
FILE=.\src\cg_src\r_cg_sbrk.obj
                                  fff804b0  fff804b3         4

SECTION=D_1
FILE=.\src\cg_src\r_cg_main.obj
                                  fff804b4  fff804bb         8

SECTION=PIntPRG
FILE=.\src\cg_src\r_cg_intprg.obj
                                  fff804bc  fff804c9         e
  _r_undefined_exception
                                  fff804bc         2   func ,g         1
  _r_privileged_exception
                                  fff804be         2   func ,g         1
  _r_floatingpoint_exception
                                  fff804c0         2   func ,g         1
  _r_access_exception
                                  fff804c2         2   func ,g         1
  _r_reserved_exception
                                  fff804c4         2   func ,g        13
  _r_nmi_exception
                                  fff804c6         2   func ,g         1
  _r_brk_exception
                                  fff804c8         2   func ,g         0

SECTION=P
FILE=.\src\cg_src\r_cg_cgc.obj
                                  fff804ca  fff8054a        81
  _R_CGC_Create
                                  fff804ca        81   func ,g         1
FILE=.\src\cg_src\r_cg_hardware_setup.obj
                                  fff8054b  fff80573        29
  _R_Systeminit
                                  fff8054b        27   func ,g         1
  _HardwareSetup
                                  fff80572         2   func ,g         1
FILE=.\src\cg_src\r_cg_main.obj
                                  fff80574  fff805a9        36
  _main
                                  fff80574        19   func ,g         1
  _R_MAIN_UserInit
                                  fff8058d        1d   func ,l         1
FILE=.\src\cg_src\r_cg_sbrk.obj
                                  fff805aa  fff805ca        21
  _sbrk
                                  fff805aa        21   func ,g         0
FILE=.\src\cg_src\r_cg_sci.obj
                                  fff805cb  fff806d3       109
  _R_SCI5_Create
                                  fff805cb        60   func ,g         2
  _R_SCI5_Start
                                  fff8062b        1b   func ,g         1
  _R_SCI5_Stop
                                  fff80646        34   func ,g         0
  _R_SCI5_Serial_Receive
                                  fff8067a        2c   func ,g         2
  _R_SCI5_Serial_Send
                                  fff806a6        2e   func ,g         1
FILE=.\src\cg_src\r_cg_sci_user.obj
                                  fff806d4  fff8089e       1cb
  _r_sci5_transmit_interrupt
                                  fff806d4        35   func ,l         0
  _r_sci5_transmitend_interrupt
                                  fff80709        24   func ,l         0
  _r_sci5_receive_interrupt
                                  fff8072d        42   func ,l         0
  _r_sci5_receiveerror_interrupt
                                  fff8076f        1d   func ,l         0
  _r_sci5_callback_transmitend
                                  fff8078c         1   func ,l         1
  _r_sci5_callback_receiveend
                                  fff8078d       111   func ,l         1
  _r_sci5_callback_receiveerror
                                  fff8089e         1   func ,l         1
FILE=__initsct
                                  fff8089f  fff808e8        4a
  __INITSCT
                                  fff8089f         0   none ,g         1
  loop1
                                  fff808b1         0   none ,l         1
  next_loop1
                                  fff808bf         0   none ,l         2
  loop3
                                  fff808d1         0   none ,l         1
  next_loop3
                                  fff808e2         0   none ,l         2

SECTION=EXCEPTVECT
FILE=.\src\cg_src\r_cg_vecttbl.obj
                                  ffffff80  fffffffb        7c
  _Excpt_Vectors
                                  ffffff80        7c   data ,g         0

SECTION=RESETVECT
FILE=.\src\cg_src\r_cg_vecttbl.obj
                                  fffffffc  ffffffff         4
  _Reset_Vectors
                                  fffffffc         4   data ,g         0

*** Unfilled Areas ***

AREA                                START    END

*** Delete Symbols ***

SYMBOL                                SIZE    INFO
