Renesas Optimizing Linker (W2.06.00 )             26-Oct-2017 15:34:26

*** Options ***

-subcommand=LinkerSubCommand.tmp
-input="./src/cg_src/r_cg_cgc.obj"
-input="./src/cg_src/r_cg_cgc_user.obj"
-input="./src/cg_src/r_cg_dbsct.obj"
-input="./src/cg_src/r_cg_hardware_setup.obj"
-input="./src/cg_src/r_cg_intprg.obj"
-input="./src/cg_src/r_cg_main.obj"
-input="./src/cg_src/r_cg_resetprg.obj"
-input="./src/cg_src/r_cg_sbrk.obj"
-input="./src/cg_src/r_cg_sci.obj"
-input="./src/cg_src/r_cg_sci_user.obj"
-input="./src/cg_src/r_cg_vecttbl.obj"
-start=SU,SI,B_1,R_1,B_2,R_2,B,R/04,PResetPRG,C_1,C_2,C,C$*,D*,W*,L,PIntPRG,P/0FFF80000,EXCEPTVECT/0FFFFFF80,RESETVECT/0FFFFFFFC
-library=C:\Users\katrina\E2_STU~1\WORKSP~1\SCI_TR~1\HARDWA~2\SCI_Transfer.lib
-noprelink
-list=SCI_Transfer.map
-show
-nooptimize
-debug
-output=C:\Users\katrina\e2_studio\workspace\SCI_Transfer\HardwareDebug\SCI_Transfer.abs
-rom=D=R,D_1=R_1,D_2=R_2
-nocompress
-nomessage
-nologo

*** Error information ***

*** Mapping List ***

SECTION                            START      END         SIZE   ALIGN

SU
                                  00000004  00000103       100   4
SI
                                  00000104  00000403       300   4
B_1
                                  00000404  00000404         0   1
R_1
                                  00000404  00000404         1   1
B_2
                                  00000406  0000080b       406   2
R_2
                                  0000080c  0000080c         0   1
B
                                  0000080c  00000813         8   4
R
                                  00000814  00000817         4   4
PResetPRG
                                  fff80000  fff8003d        3e   1
C_1
                                  fff8003e  fff8003e         0   1
C_2
                                  fff8003e  fff8003e         0   1
C
                                  fff80040  fff80073        34   4
C$DSEC
                                  fff80074  fff80097        24   4
C$BSEC
                                  fff80098  fff800af        18   4
C$INIT
                                  fff800b0  fff800b0         0   1
C$VECT
                                  fff800b0  fff804af       400   4
C$VTBL
                                  fff804b0  fff804b0         0   1
D
                                  fff804b0  fff804b3         4   4
D_1
                                  fff804b4  fff804b4         1   1
D_2
                                  fff804b5  fff804b5         0   1
W
                                  fff804b5  fff804b5         0   1
W_1
                                  fff804b5  fff804b5         0   1
W_2
                                  fff804b5  fff804b5         0   1
L
                                  fff804b5  fff804b5         0   1
PIntPRG
                                  fff804b5  fff804c2         e   1
P
                                  fff804c3  fff80812       350   1
EXCEPTVECT
                                  ffffff80  fffffffb        7c   4
RESETVECT
                                  fffffffc  ffffffff         4   4

*** Symbol List ***

SECTION=
FILE=                               START        END    SIZE
  SYMBOL                            ADDR        SIZE    INFO      COUNTS  OPT

SECTION=SU
FILE=.\src\cg_src\r_cg_resetprg.obj
                                  00000004  00000103       100

SECTION=SI
FILE=.\src\cg_src\r_cg_resetprg.obj
                                  00000104  00000403       300

SECTION=R_1
FILE=.\src\cg_src\r_cg_main.obj
                                  00000404  00000404         1
  _rx
                                  00000404         1   data ,g         2

SECTION=B_2
FILE=.\src\cg_src\r_cg_sbrk.obj
                                  00000406  00000805       400
  _heap_area
                                  00000406       400   data ,l         2
FILE=.\src\cg_src\r_cg_sci.obj
                                  00000806  0000080b         6
  _g_sci5_tx_count
                                  00000806         2   data ,g         2
  _g_sci5_rx_count
                                  00000808         2   data ,g         2
  _g_sci5_rx_length
                                  0000080a         2   data ,g         2

SECTION=B
FILE=.\src\cg_src\r_cg_sci.obj
                                  0000080c  00000813         8
  _gp_sci5_tx_address
                                  0000080c         4   data ,g         2
  _gp_sci5_rx_address
                                  00000810         4   data ,g         2

SECTION=R
FILE=.\src\cg_src\r_cg_sbrk.obj
                                  00000814  00000817         4
  _brk
                                  00000814         4   data ,l         1

SECTION=PResetPRG
FILE=.\src\cg_src\r_cg_resetprg.obj
                                  fff80000  fff8003d        3e
  _PowerON_Reset_PC
                                  fff80000        3e   entry,g         1

SECTION=C
FILE=.\src\cg_src\r_cg_dbsct.obj
                                  fff80040  fff80073        34
  __CTBL
                                  fff80040        34   data ,g         0

SECTION=C$DSEC
FILE=.\src\cg_src\r_cg_dbsct.obj
                                  fff80074  fff80097        24
  __DTBL
                                  fff80074        24   data ,g         0

SECTION=C$BSEC
FILE=.\src\cg_src\r_cg_dbsct.obj
                                  fff80098  fff800af        18
  __BTBL
                                  fff80098        18   data ,g         0

SECTION=C$VECT
FILE=.\src\cg_src\r_cg_dbsct.obj
                                  fff800b0  fff804af       400

SECTION=D
FILE=.\src\cg_src\r_cg_sbrk.obj
                                  fff804b0  fff804b3         4

SECTION=D_1
FILE=.\src\cg_src\r_cg_main.obj
                                  fff804b4  fff804b4         1

SECTION=PIntPRG
FILE=.\src\cg_src\r_cg_intprg.obj
                                  fff804b5  fff804c2         e
  _r_undefined_exception
                                  fff804b5         2   func ,g         1
  _r_privileged_exception
                                  fff804b7         2   func ,g         1
  _r_floatingpoint_exception
                                  fff804b9         2   func ,g         1
  _r_access_exception
                                  fff804bb         2   func ,g         1
  _r_reserved_exception
                                  fff804bd         2   func ,g        13
  _r_nmi_exception
                                  fff804bf         2   func ,g         1
  _r_brk_exception
                                  fff804c1         2   func ,g         0

SECTION=P
FILE=.\src\cg_src\r_cg_cgc.obj
                                  fff804c3  fff80543        81
  _R_CGC_Create
                                  fff804c3        81   func ,g         1
FILE=.\src\cg_src\r_cg_hardware_setup.obj
                                  fff80544  fff8056c        29
  _R_Systeminit
                                  fff80544        27   func ,g         1
  _HardwareSetup
                                  fff8056b         2   func ,g         1
FILE=.\src\cg_src\r_cg_main.obj
                                  fff8056d  fff805a2        36
  _main
                                  fff8056d        19   func ,g         1
  _R_MAIN_UserInit
                                  fff80586        1d   func ,l         1
FILE=.\src\cg_src\r_cg_sbrk.obj
                                  fff805a3  fff805c3        21
  _sbrk
                                  fff805a3        21   func ,g         0
FILE=.\src\cg_src\r_cg_sci.obj
                                  fff805c4  fff806cc       109
  _R_SCI5_Create
                                  fff805c4        60   func ,g         2
  _R_SCI5_Start
                                  fff80624        1b   func ,g         1
  _R_SCI5_Stop
                                  fff8063f        34   func ,g         0
  _R_SCI5_Serial_Receive
                                  fff80673        2c   func ,g         2
  _R_SCI5_Serial_Send
                                  fff8069f        2e   func ,g         1
FILE=.\src\cg_src\r_cg_sci_user.obj
                                  fff806cd  fff807c8        fc
  _r_sci5_transmit_interrupt
                                  fff806cd        35   func ,l         0
  _r_sci5_transmitend_interrupt
                                  fff80702        24   func ,l         0
  _r_sci5_receive_interrupt
                                  fff80726        42   func ,l         0
  _r_sci5_receiveerror_interrupt
                                  fff80768        1d   func ,l         0
  _r_sci5_callback_transmitend
                                  fff80785         1   func ,l         1
  _r_sci5_callback_receiveend
                                  fff80786        42   func ,l         1
  _r_sci5_callback_receiveerror
                                  fff807c8         1   func ,l         1
FILE=__initsct
                                  fff807c9  fff80812        4a
  __INITSCT
                                  fff807c9         0   none ,g         1
  loop1
                                  fff807db         0   none ,l         1
  next_loop1
                                  fff807e9         0   none ,l         2
  loop3
                                  fff807fb         0   none ,l         1
  next_loop3
                                  fff8080c         0   none ,l         2

SECTION=EXCEPTVECT
FILE=.\src\cg_src\r_cg_vecttbl.obj
                                  ffffff80  fffffffb        7c
  _Excpt_Vectors
                                  ffffff80        7c   data ,g         0

SECTION=RESETVECT
FILE=.\src\cg_src\r_cg_vecttbl.obj
                                  fffffffc  ffffffff         4
  _Reset_Vectors
                                  fffffffc         4   data ,g         0

*** Unfilled Areas ***

AREA                                START    END

*** Delete Symbols ***

SYMBOL                                SIZE    INFO
