Renesas Optimizing Linker (W2.06.00 )             14-Dec-2017 17:02:35

*** Options ***

-subcommand=LinkerSubCommand.tmp
-input="./src/cg_src/r_cg_cgc.obj"
-input="./src/cg_src/r_cg_cgc_user.obj"
-input="./src/cg_src/r_cg_dbsct.obj"
-input="./src/cg_src/r_cg_hardware_setup.obj"
-input="./src/cg_src/r_cg_intprg.obj"
-input="./src/cg_src/r_cg_main.obj"
-input="./src/cg_src/r_cg_resetprg.obj"
-input="./src/cg_src/r_cg_rtc.obj"
-input="./src/cg_src/r_cg_rtc_user.obj"
-input="./src/cg_src/r_cg_s12ad.obj"
-input="./src/cg_src/r_cg_s12ad_user.obj"
-input="./src/cg_src/r_cg_sbrk.obj"
-input="./src/cg_src/r_cg_sci.obj"
-input="./src/cg_src/r_cg_sci_user.obj"
-input="./src/cg_src/r_cg_vecttbl.obj"
-start=SU,SI,B_1,R_1,B_2,R_2,B,R/04,PResetPRG,C_1,C_2,C,C$*,D*,W*,L,PIntPRG,P/0FFF80000,EXCEPTVECT/0FFFFFF80,RESETVECT/0FFFFFFFC
-library=C:\Users\katrina\E2_STU~1\WORKSP~1\ADC_GE~1\HARDWA~2\ADC_Get_Value.lib
-noprelink
-list=ADC_Get_Value.map
-show
-nooptimize
-debug
-output=C:\Users\katrina\e2_studio\workspace\ADC_Get_Value\HardwareDebug\ADC_Get_Value.abs
-rom=D=R,D_1=R_1,D_2=R_2
-nocompress
-nomessage
-nologo

*** Error information ***

*** Mapping List ***

SECTION                            START      END         SIZE   ALIGN

SU
                                  00000004  00000103       100   4
SI
                                  00000104  00000403       300   4
B_1
                                  00000404  00000404         0   1
R_1
                                  00000404  00000414        11   1
B_2
                                  00000416  00000823       40e   2
R_2
                                  00000824  00000825         2   2
B
                                  00000828  00000837        10   4
R
                                  00000838  00000843         c   4
PResetPRG
                                  fff80000  fff8003d        3e   1
C_1
                                  fff8003e  fff8003e         0   1
C_2
                                  fff8003e  fff8003e         0   1
C
                                  fff80040  fff80073        34   4
C$DSEC
                                  fff80074  fff80097        24   4
C$BSEC
                                  fff80098  fff800af        18   4
C$INIT
                                  fff800b0  fff800b0         0   1
C$VECT
                                  fff800b0  fff804af       400   4
C$VTBL
                                  fff804b0  fff804b0         0   1
D
                                  fff804b0  fff804bb         c   4
D_1
                                  fff804bc  fff804cc        11   1
D_2
                                  fff804ce  fff804cf         2   2
W
                                  fff804d0  fff804d0         0   1
W_1
                                  fff804d0  fff804d0         0   1
W_2
                                  fff804d0  fff804d0         0   1
L
                                  fff804d0  fff804d0         0   1
PIntPRG
                                  fff804d0  fff804dd         e   1
P
                                  fff804de  fff80c63       786   1
EXCEPTVECT
                                  ffffff80  fffffffb        7c   4
RESETVECT
                                  fffffffc  ffffffff         4   4

*** Symbol List ***

SECTION=
FILE=                               START        END    SIZE
  SYMBOL                            ADDR        SIZE    INFO      COUNTS  OPT

SECTION=SU
FILE=.\src\cg_src\r_cg_resetprg.obj
                                  00000004  00000103       100

SECTION=SI
FILE=.\src\cg_src\r_cg_resetprg.obj
                                  00000104  00000403       300

SECTION=R_1
FILE=.\src\cg_src\r_cg_main.obj
                                  00000404  00000414        11
  _tx
                                  00000404        11   data ,g         1

SECTION=B_2
FILE=.\src\cg_src\r_cg_main.obj
                                  00000416  0000041d         8
  _count
                                  00000416         8   data ,g         1
FILE=.\src\cg_src\r_cg_sbrk.obj
                                  0000041e  0000081d       400
  _heap_area
                                  0000041e       400   data ,l         2
FILE=.\src\cg_src\r_cg_sci.obj
                                  0000081e  00000823         6
  _g_sci5_tx_count
                                  0000081e         2   data ,g         2
  _g_sci5_rx_count
                                  00000820         2   data ,g         2
  _g_sci5_rx_length
                                  00000822         2   data ,g         2

SECTION=R_2
FILE=.\src\cg_src\r_cg_s12ad_user.obj
                                  00000824  00000825         2
  _g_ADC_result
                                  00000824         2   data ,g         2

SECTION=B
FILE=.\src\cg_src\r_cg_main.obj
                                  00000828  0000082f         8
  _voltage
                                  00000828         4   data ,g         1
  _num
                                  0000082c         4   data ,g         0
FILE=.\src\cg_src\r_cg_sci.obj
                                  00000830  00000837         8
  _gp_sci5_tx_address
                                  00000830         4   data ,g         2
  _gp_sci5_rx_address
                                  00000834         4   data ,g         2

SECTION=R
FILE=.\src\cg_src\r_cg_main.obj
                                  00000838  0000083f         8
  _flag
                                  00000838         4   data ,g         2
  _flag2
                                  0000083c         4   data ,g         2
FILE=.\src\cg_src\r_cg_sbrk.obj
                                  00000840  00000843         4
  _brk
                                  00000840         4   data ,l         1

SECTION=PResetPRG
FILE=.\src\cg_src\r_cg_resetprg.obj
                                  fff80000  fff8003d        3e
  _PowerON_Reset_PC
                                  fff80000        3e   entry,g         1

SECTION=C
FILE=.\src\cg_src\r_cg_dbsct.obj
                                  fff80040  fff80073        34
  __CTBL
                                  fff80040        34   data ,g         0

SECTION=C$DSEC
FILE=.\src\cg_src\r_cg_dbsct.obj
                                  fff80074  fff80097        24
  __DTBL
                                  fff80074        24   data ,g         0

SECTION=C$BSEC
FILE=.\src\cg_src\r_cg_dbsct.obj
                                  fff80098  fff800af        18
  __BTBL
                                  fff80098        18   data ,g         0

SECTION=C$VECT
FILE=.\src\cg_src\r_cg_dbsct.obj
                                  fff800b0  fff804af       400

SECTION=D
FILE=.\src\cg_src\r_cg_main.obj
                                  fff804b0  fff804b7         8
FILE=.\src\cg_src\r_cg_sbrk.obj
                                  fff804b8  fff804bb         4

SECTION=D_1
FILE=.\src\cg_src\r_cg_main.obj
                                  fff804bc  fff804cc        11

SECTION=D_2
FILE=.\src\cg_src\r_cg_s12ad_user.obj
                                  fff804ce  fff804cf         2

SECTION=PIntPRG
FILE=.\src\cg_src\r_cg_intprg.obj
                                  fff804d0  fff804dd         e
  _r_undefined_exception
                                  fff804d0         2   func ,g         1
  _r_privileged_exception
                                  fff804d2         2   func ,g         1
  _r_floatingpoint_exception
                                  fff804d4         2   func ,g         1
  _r_access_exception
                                  fff804d6         2   func ,g         1
  _r_reserved_exception
                                  fff804d8         2   func ,g        13
  _r_nmi_exception
                                  fff804da         2   func ,g         1
  _r_brk_exception
                                  fff804dc         2   func ,g         0

SECTION=P
FILE=.\src\cg_src\r_cg_cgc.obj
                                  fff804de  fff8058c        af
  _R_CGC_Create
                                  fff804de        af   func ,g         1
FILE=.\src\cg_src\r_cg_hardware_setup.obj
                                  fff8058d  fff805bd        31
  _R_Systeminit
                                  fff8058d        2f   func ,g         1
  _HardwareSetup
                                  fff805bc         2   func ,g         1
FILE=.\src\cg_src\r_cg_main.obj
                                  fff805be  fff806d7       11a
  _main
                                  fff805be        fd   func ,g         1
  _R_MAIN_UserInit
                                  fff806bb        1d   func ,l         1
FILE=.\src\cg_src\r_cg_rtc.obj
                                  fff806d8  fff80873       19c
  _R_RTC_Create
                                  fff806d8        72   func ,g         2
  _R_RTC_Start
                                  fff8074a        13   func ,g         1
  _R_RTC_Stop
                                  fff8075d        13   func ,g         0
  _R_RTC_Restart
                                  fff80770        5a   func ,g         0
  _R_RTC_Get_CalendarCounterValue
                                  fff807ca        31   func ,g         1
  _R_RTC_Set_CalendarCounterValue
                                  fff807fb        47   func ,g         0
  _R_RTC_Set_ConstPeriodInterruptOn
                                  fff80842        1f   func ,g         0
  _R_RTC_Set_ConstPeriodInterruptOff
                                  fff80861        13   func ,g         0
FILE=.\src\cg_src\r_cg_rtc_user.obj
                                  fff80874  fff80875         2
  _r_rtc_prd_interrupt
                                  fff80874         2   func ,l         0
FILE=.\src\cg_src\r_cg_s12ad.obj
                                  fff80876  fff80a0c       197
  _R_S12AD_Create
                                  fff80876        8a   func ,g         2
  _R_S12AD_Start
                                  fff80900        17   func ,g         1
  _R_S12AD_Stop
                                  fff80917        22   func ,g         0
  _R_S12AD_Get_ValueResult
                                  fff80939        d4   func ,g         1
FILE=.\src\cg_src\r_cg_s12ad_user.obj
                                  fff80a0d  fff80a2b        1f
  _r_s12ad_interrupt
                                  fff80a0d        1f   func ,l         0
FILE=.\src\cg_src\r_cg_sbrk.obj
                                  fff80a2c  fff80a4c        21
  _sbrk
                                  fff80a2c        21   func ,g         0
FILE=.\src\cg_src\r_cg_sci.obj
                                  fff80a4d  fff80b55       109
  _R_SCI5_Create
                                  fff80a4d        60   func ,g         2
  _R_SCI5_Start
                                  fff80aad        1b   func ,g         1
  _R_SCI5_Stop
                                  fff80ac8        34   func ,g         0
  _R_SCI5_Serial_Receive
                                  fff80afc        2c   func ,g         0
  _R_SCI5_Serial_Send
                                  fff80b28        2e   func ,g         1
FILE=.\src\cg_src\r_cg_sci_user.obj
                                  fff80b56  fff80c19        c4
  _r_sci5_transmit_interrupt
                                  fff80b56        35   func ,l         0
  _r_sci5_transmitend_interrupt
                                  fff80b8b        24   func ,l         0
  _r_sci5_receive_interrupt
                                  fff80baf        42   func ,l         0
  _r_sci5_receiveerror_interrupt
                                  fff80bf1        1d   func ,l         0
  _r_sci5_callback_transmitend
                                  fff80c0e         a   func ,l         1
  _r_sci5_callback_receiveend
                                  fff80c18         1   func ,l         1
  _r_sci5_callback_receiveerror
                                  fff80c19         1   func ,l         1
FILE=__initsct
                                  fff80c1a  fff80c63        4a
  __INITSCT
                                  fff80c1a         0   none ,g         1
  loop1
                                  fff80c2c         0   none ,l         1
  next_loop1
                                  fff80c3a         0   none ,l         2
  loop3
                                  fff80c4c         0   none ,l         1
  next_loop3
                                  fff80c5d         0   none ,l         2

SECTION=EXCEPTVECT
FILE=.\src\cg_src\r_cg_vecttbl.obj
                                  ffffff80  fffffffb        7c
  _Excpt_Vectors
                                  ffffff80        7c   data ,g         0

SECTION=RESETVECT
FILE=.\src\cg_src\r_cg_vecttbl.obj
                                  fffffffc  ffffffff         4
  _Reset_Vectors
                                  fffffffc         4   data ,g         0

*** Unfilled Areas ***

AREA                                START    END

*** Delete Symbols ***

SYMBOL                                SIZE    INFO
