Renesas Optimizing Linker (W2.06.00 )             06-Dec-2017 23:27:39

*** Options ***

-subcommand=LinkerSubCommand.tmp
-input="./src/cg_src/r_cg_cgc.obj"
-input="./src/cg_src/r_cg_cgc_user.obj"
-input="./src/cg_src/r_cg_dbsct.obj"
-input="./src/cg_src/r_cg_hardware_setup.obj"
-input="./src/cg_src/r_cg_intprg.obj"
-input="./src/cg_src/r_cg_main.obj"
-input="./src/cg_src/r_cg_mtu2.obj"
-input="./src/cg_src/r_cg_mtu2_user.obj"
-input="./src/cg_src/r_cg_resetprg.obj"
-input="./src/cg_src/r_cg_s12ad.obj"
-input="./src/cg_src/r_cg_s12ad_user.obj"
-input="./src/cg_src/r_cg_sbrk.obj"
-input="./src/cg_src/r_cg_sci.obj"
-input="./src/cg_src/r_cg_sci_user.obj"
-input="./src/cg_src/r_cg_vecttbl.obj"
-start=SU,SI,B_1,R_1,B_2,R_2,B,R/04,PResetPRG,C_1,C_2,C,C$*,D*,W*,L,PIntPRG,P/0FFF80000,EXCEPTVECT/0FFFFFF80,RESETVECT/0FFFFFFFC
-library=C:\Users\katrina\E2_STU~1\WORKSP~1\MTU_GE~2\HARDWA~2\MTU_Get_ADC_Value.lib
-noprelink
-list=MTU_Get_ADC_Value.map
-show
-nooptimize
-debug
-output=C:\Users\katrina\e2_studio\workspace\MTU_Get_ADC_Value\HardwareDebug\MTU_Get_ADC_Value.abs
-rom=D=R,D_1=R_1,D_2=R_2
-nocompress
-nomessage
-nologo

*** Error information ***

*** Mapping List ***

SECTION                            START      END         SIZE   ALIGN

SU
                                  00000004  00000103       100   4
SI
                                  00000104  00000403       300   4
B_1
                                  00000404  00000404         0   1
R_1
                                  00000404  0000040b         8   1
B_2
                                  0000040c  00000811       406   2
R_2
                                  00000812  00000fe1       7d0   2
B
                                  00000fe4  00000ff3        10   4
R
                                  00000ff4  00001037        44   4
PResetPRG
                                  fff80000  fff8003d        3e   1
C_1
                                  fff8003e  fff8003e         0   1
C_2
                                  fff8003e  fff8003e         0   1
C
                                  fff80040  fff80073        34   4
C$DSEC
                                  fff80074  fff80097        24   4
C$BSEC
                                  fff80098  fff800af        18   4
C$INIT
                                  fff800b0  fff800b0         0   1
C$VECT
                                  fff800b0  fff804af       400   4
C$VTBL
                                  fff804b0  fff804b0         0   1
D
                                  fff804b0  fff804f3        44   4
D_1
                                  fff804f4  fff804fb         8   1
D_2
                                  fff804fc  fff80ccb       7d0   2
W
                                  fff80ccc  fff80ccc         0   1
W_1
                                  fff80ccc  fff80ccc         0   1
W_2
                                  fff80ccc  fff80ccc         0   1
L
                                  fff80ccc  fff80ccc         0   1
PIntPRG
                                  fff80ccc  fff80cd9         e   1
P
                                  fff80cda  fff817a3       aca   1
EXCEPTVECT
                                  ffffff80  fffffffb        7c   4
RESETVECT
                                  fffffffc  ffffffff         4   4

*** Symbol List ***

SECTION=
FILE=                               START        END    SIZE
  SYMBOL                            ADDR        SIZE    INFO      COUNTS  OPT

SECTION=SU
FILE=.\src\cg_src\r_cg_resetprg.obj
                                  00000004  00000103       100

SECTION=SI
FILE=.\src\cg_src\r_cg_resetprg.obj
                                  00000104  00000403       300

SECTION=R_1
FILE=.\src\cg_src\r_cg_main.obj
                                  00000404  0000040b         8
  _tx
                                  00000404         8   data ,g         2

SECTION=B_2
FILE=.\src\cg_src\r_cg_sbrk.obj
                                  0000040c  0000080b       400
  _heap_area
                                  0000040c       400   data ,l         2
FILE=.\src\cg_src\r_cg_sci.obj
                                  0000080c  00000811         6
  _g_sci5_tx_count
                                  0000080c         2   data ,g         3
  _g_sci5_rx_count
                                  0000080e         2   data ,g         4
  _g_sci5_rx_length
                                  00000810         2   data ,g         3

SECTION=R_2
FILE=.\src\cg_src\r_cg_s12ad_user.obj
                                  00000812  00000fe1       7d0
  _value
                                  00000812       7d0   data ,g         2

SECTION=B
FILE=.\src\cg_src\r_cg_main.obj
                                  00000fe4  00000feb         8
  _k
                                  00000fe4         4   data ,g         9
  _j
                                  00000fe8         4   data ,g         7
FILE=.\src\cg_src\r_cg_sci.obj
                                  00000fec  00000ff3         8
  _gp_sci5_tx_address
                                  00000fec         4   data ,g         3
  _gp_sci5_rx_address
                                  00000ff0         4   data ,g         3

SECTION=R
FILE=.\src\cg_src\r_cg_main.obj
                                  00000ff4  0000102b        38
  _voltage
                                  00000ff4         4   data ,g         4
  _average
                                  00000ff8        28   data ,g         5
  _flag2
                                  00001020         4   data ,g         3
  _num
                                  00001024         4   data ,g         4
  _flag3
                                  00001028         4   data ,g         1
FILE=.\src\cg_src\r_cg_s12ad_user.obj
                                  0000102c  00001033         8
  _i
                                  0000102c         4   data ,g         5
  _flag
                                  00001030         4   data ,g         0
FILE=.\src\cg_src\r_cg_sbrk.obj
                                  00001034  00001037         4
  _brk
                                  00001034         4   data ,l         3

SECTION=PResetPRG
FILE=.\src\cg_src\r_cg_resetprg.obj
                                  fff80000  fff8003d        3e
  _PowerON_Reset_PC
                                  fff80000        3e   entry,g         1

SECTION=C
FILE=.\src\cg_src\r_cg_dbsct.obj
                                  fff80040  fff80073        34
  __CTBL
                                  fff80040        34   data ,g         0

SECTION=C$DSEC
FILE=.\src\cg_src\r_cg_dbsct.obj
                                  fff80074  fff80097        24
  __DTBL
                                  fff80074        24   data ,g         0

SECTION=C$BSEC
FILE=.\src\cg_src\r_cg_dbsct.obj
                                  fff80098  fff800af        18
  __BTBL
                                  fff80098        18   data ,g         0

SECTION=C$VECT
FILE=.\src\cg_src\r_cg_dbsct.obj
                                  fff800b0  fff804af       400

SECTION=D
FILE=.\src\cg_src\r_cg_main.obj
                                  fff804b0  fff804e7        38
FILE=.\src\cg_src\r_cg_s12ad_user.obj
                                  fff804e8  fff804ef         8
FILE=.\src\cg_src\r_cg_sbrk.obj
                                  fff804f0  fff804f3         4

SECTION=D_1
FILE=.\src\cg_src\r_cg_main.obj
                                  fff804f4  fff804fb         8

SECTION=D_2
FILE=.\src\cg_src\r_cg_s12ad_user.obj
                                  fff804fc  fff80ccb       7d0

SECTION=PIntPRG
FILE=.\src\cg_src\r_cg_intprg.obj
                                  fff80ccc  fff80cd9         e
  _r_undefined_exception
                                  fff80ccc         2   func ,g         1
  _r_privileged_exception
                                  fff80cce         2   func ,g         1
  _r_floatingpoint_exception
                                  fff80cd0         2   func ,g         1
  _r_access_exception
                                  fff80cd2         2   func ,g         1
  _r_reserved_exception
                                  fff80cd4         2   func ,g        13
  _r_nmi_exception
                                  fff80cd6         2   func ,g         1
  _r_brk_exception
                                  fff80cd8         2   func ,g         0

SECTION=P
FILE=.\src\cg_src\r_cg_cgc.obj
                                  fff80cda  fff80dc6        ed
  _R_CGC_Create
                                  fff80cda        ed   func ,g         1
FILE=.\src\cg_src\r_cg_hardware_setup.obj
                                  fff80dc7  fff80e09        43
  _R_Systeminit
                                  fff80dc7        3f   func ,g         1
  _HardwareSetup
                                  fff80e06         4   func ,g         1
FILE=.\src\cg_src\r_cg_main.obj
                                  fff80e0a  fff81006       1fd
  _main
                                  fff80e0a       1cd   func ,g         1
  _R_MAIN_UserInit
                                  fff80fd7        30   func ,l         1
FILE=.\src\cg_src\r_cg_mtu2.obj
                                  fff81007  fff810cc        c6
  _R_MTU2_Create
                                  fff81007        a4   func ,g         2
  _R_MTU2_C0_Start
                                  fff810ab        13   func ,g         1
  _R_MTU2_C0_Stop
                                  fff810be         f   func ,g         0
FILE=.\src\cg_src\r_cg_mtu2_user.obj
                                  fff810cd  fff810ce         2
  _r_mtu2_tgie0_interrupt
                                  fff810cd         2   func ,l         0
FILE=.\src\cg_src\r_cg_s12ad.obj
                                  fff810cf  fff813ef       321
  _R_S12AD_Create
                                  fff810cf        ce   func ,g         2
  _R_S12AD_Start
                                  fff8119d        1c   func ,g         1
  _R_S12AD_Stop
                                  fff811b9        2c   func ,g         0
  _R_S12AD_Get_ValueResult
                                  fff811e5       20b   func ,g         1
FILE=.\src\cg_src\r_cg_s12ad_user.obj
                                  fff813f0  fff8143a        4b
  _r_s12ad_interrupt
                                  fff813f0        4b   func ,l         0
FILE=.\src\cg_src\r_cg_sbrk.obj
                                  fff8143b  fff81476        3c
  _sbrk
                                  fff8143b        3c   func ,g         0
FILE=.\src\cg_src\r_cg_sci.obj
                                  fff81477  fff8162d       1b7
  _R_SCI5_Create
                                  fff81477        99   func ,g         2
  _R_SCI5_Start
                                  fff81510        34   func ,g         1
  _R_SCI5_Stop
                                  fff81544        5c   func ,g         0
  _R_SCI5_Serial_Receive
                                  fff815a0        46   func ,g         0
  _R_SCI5_Serial_Send
                                  fff815e6        48   func ,g         1
FILE=.\src\cg_src\r_cg_sci_user.obj
                                  fff8162e  fff81759       12c
  _r_sci5_transmit_interrupt
                                  fff8162e        4c   func ,l         0
  _r_sci5_transmitend_interrupt
                                  fff8167a        2e   func ,l         0
  _r_sci5_receive_interrupt
                                  fff816a8        60   func ,l         0
  _r_sci5_receiveerror_interrupt
                                  fff81708        31   func ,l         0
  _r_sci5_callback_transmitend
                                  fff81739        1f   func ,l         1
  _r_sci5_callback_receiveend
                                  fff81758         1   func ,l         1
  _r_sci5_callback_receiveerror
                                  fff81759         1   func ,l         1
FILE=__initsct
                                  fff8175a  fff817a3        4a
  __INITSCT
                                  fff8175a         0   none ,g         1
  loop1
                                  fff8176c         0   none ,l         1
  next_loop1
                                  fff8177a         0   none ,l         2
  loop3
                                  fff8178c         0   none ,l         1
  next_loop3
                                  fff8179d         0   none ,l         2

SECTION=EXCEPTVECT
FILE=.\src\cg_src\r_cg_vecttbl.obj
                                  ffffff80  fffffffb        7c
  _Excpt_Vectors
                                  ffffff80        7c   data ,g         0

SECTION=RESETVECT
FILE=.\src\cg_src\r_cg_vecttbl.obj
                                  fffffffc  ffffffff         4
  _Reset_Vectors
                                  fffffffc         4   data ,g         0

*** Unfilled Areas ***

AREA                                START    END

*** Delete Symbols ***

SYMBOL                                SIZE    INFO
