Renesas Optimizing Linker (W2.06.00 )             26-Oct-2017 17:51:55

*** Options ***

-subcommand=LinkerSubCommand.tmp
-input="./src/cg_src/r_cg_cgc.obj"
-input="./src/cg_src/r_cg_cgc_user.obj"
-input="./src/cg_src/r_cg_dbsct.obj"
-input="./src/cg_src/r_cg_hardware_setup.obj"
-input="./src/cg_src/r_cg_intprg.obj"
-input="./src/cg_src/r_cg_main.obj"
-input="./src/cg_src/r_cg_port.obj"
-input="./src/cg_src/r_cg_port_user.obj"
-input="./src/cg_src/r_cg_resetprg.obj"
-input="./src/cg_src/r_cg_sbrk.obj"
-input="./src/cg_src/r_cg_sci.obj"
-input="./src/cg_src/r_cg_sci_user.obj"
-input="./src/cg_src/r_cg_vecttbl.obj"
-start=SU,SI,B_1,R_1,B_2,R_2,B,R/04,PResetPRG,C_1,C_2,C,C$*,D*,W*,L,PIntPRG,P/0FFF80000,EXCEPTVECT/0FFFFFF80,RESETVECT/0FFFFFFFC
-library=C:\Users\katrina\E2_STU~1\WORKSP~1\SCI_LEDs\HARDWA~2\SCI_LEDs.lib
-noprelink
-list=SCI_LEDs.map
-show
-nooptimize
-debug
-output=C:\Users\katrina\e2_studio\workspace\SCI_LEDs\HardwareDebug\SCI_LEDs.abs
-rom=D=R,D_1=R_1,D_2=R_2
-nocompress
-nomessage
-nologo

*** Error information ***

*** Mapping List ***

SECTION                            START      END         SIZE   ALIGN

SU
                                  00000004  00000103       100   4
SI
                                  00000104  00000403       300   4
B_1
                                  00000404  00000404         0   1
R_1
                                  00000404  0000040c         9   1
B_2
                                  0000040e  00000813       406   2
R_2
                                  00000814  00000814         0   1
B
                                  00000814  0000081b         8   4
R
                                  0000081c  00000823         8   4
PResetPRG
                                  fff80000  fff8003d        3e   1
C_1
                                  fff8003e  fff8003e         0   1
C_2
                                  fff8003e  fff8003e         0   1
C
                                  fff80040  fff80073        34   4
C$DSEC
                                  fff80074  fff80097        24   4
C$BSEC
                                  fff80098  fff800af        18   4
C$INIT
                                  fff800b0  fff800b0         0   1
C$VECT
                                  fff800b0  fff804af       400   4
C$VTBL
                                  fff804b0  fff804b0         0   1
D
                                  fff804b0  fff804b7         8   4
D_1
                                  fff804b8  fff804c0         9   1
D_2
                                  fff804c1  fff804c1         0   1
W
                                  fff804c1  fff804c1         0   1
W_1
                                  fff804c1  fff804c1         0   1
W_2
                                  fff804c1  fff804c1         0   1
L
                                  fff804c1  fff804c1         0   1
PIntPRG
                                  fff804c1  fff804ce         e   1
P
                                  fff804cf  fff80b5c       68e   1
EXCEPTVECT
                                  ffffff80  fffffffb        7c   4
RESETVECT
                                  fffffffc  ffffffff         4   4

*** Symbol List ***

SECTION=
FILE=                               START        END    SIZE
  SYMBOL                            ADDR        SIZE    INFO      COUNTS  OPT

SECTION=SU
FILE=.\src\cg_src\r_cg_resetprg.obj
                                  00000004  00000103       100

SECTION=SI
FILE=.\src\cg_src\r_cg_resetprg.obj
                                  00000104  00000403       300

SECTION=R_1
FILE=.\src\cg_src\r_cg_main.obj
                                  00000404  00000404         1
  _act
                                  00000404         1   data ,g         4
FILE=.\src\cg_src\r_cg_sci_user.obj
                                  00000405  0000040c         8
  _x
                                  00000405         8   data ,g        11

SECTION=B_2
FILE=.\src\cg_src\r_cg_sbrk.obj
                                  0000040e  0000080d       400
  _heap_area
                                  0000040e       400   data ,l         2
FILE=.\src\cg_src\r_cg_sci.obj
                                  0000080e  00000813         6
  _g_sci5_tx_count
                                  0000080e         2   data ,g         3
  _g_sci5_rx_count
                                  00000810         2   data ,g         4
  _g_sci5_rx_length
                                  00000812         2   data ,g         3

SECTION=B
FILE=.\src\cg_src\r_cg_sci.obj
                                  00000814  0000081b         8
  _gp_sci5_tx_address
                                  00000814         4   data ,g         3
  _gp_sci5_rx_address
                                  00000818         4   data ,g         3

SECTION=R
FILE=.\src\cg_src\r_cg_sbrk.obj
                                  0000081c  0000081f         4
  _brk
                                  0000081c         4   data ,l         3
FILE=.\src\cg_src\r_cg_sci_user.obj
                                  00000820  00000823         4
  _i
                                  00000820         4   data ,g         3

SECTION=PResetPRG
FILE=.\src\cg_src\r_cg_resetprg.obj
                                  fff80000  fff8003d        3e
  _PowerON_Reset_PC
                                  fff80000        3e   entry,g         1

SECTION=C
FILE=.\src\cg_src\r_cg_dbsct.obj
                                  fff80040  fff80073        34
  __CTBL
                                  fff80040        34   data ,g         0

SECTION=C$DSEC
FILE=.\src\cg_src\r_cg_dbsct.obj
                                  fff80074  fff80097        24
  __DTBL
                                  fff80074        24   data ,g         0

SECTION=C$BSEC
FILE=.\src\cg_src\r_cg_dbsct.obj
                                  fff80098  fff800af        18
  __BTBL
                                  fff80098        18   data ,g         0

SECTION=C$VECT
FILE=.\src\cg_src\r_cg_dbsct.obj
                                  fff800b0  fff804af       400

SECTION=D
FILE=.\src\cg_src\r_cg_sbrk.obj
                                  fff804b0  fff804b3         4
FILE=.\src\cg_src\r_cg_sci_user.obj
                                  fff804b4  fff804b7         4

SECTION=D_1
FILE=.\src\cg_src\r_cg_main.obj
                                  fff804b8  fff804b8         1
FILE=.\src\cg_src\r_cg_sci_user.obj
                                  fff804b9  fff804c0         8

SECTION=PIntPRG
FILE=.\src\cg_src\r_cg_intprg.obj
                                  fff804c1  fff804ce         e
  _r_undefined_exception
                                  fff804c1         2   func ,g         1
  _r_privileged_exception
                                  fff804c3         2   func ,g         1
  _r_floatingpoint_exception
                                  fff804c5         2   func ,g         1
  _r_access_exception
                                  fff804c7         2   func ,g         1
  _r_reserved_exception
                                  fff804c9         2   func ,g        13
  _r_nmi_exception
                                  fff804cb         2   func ,g         1
  _r_brk_exception
                                  fff804cd         2   func ,g         0

SECTION=P
FILE=.\src\cg_src\r_cg_cgc.obj
                                  fff804cf  fff805bb        ed
  _R_CGC_Create
                                  fff804cf        ed   func ,g         1
FILE=.\src\cg_src\r_cg_hardware_setup.obj
                                  fff805bc  fff805fa        3f
  _R_Systeminit
                                  fff805bc        3b   func ,g         1
  _HardwareSetup
                                  fff805f7         4   func ,g         1
FILE=.\src\cg_src\r_cg_main.obj
                                  fff805fb  fff8064f        55
  _main
                                  fff805fb        25   func ,g         1
  _R_MAIN_UserInit
                                  fff80620        30   func ,l         1
FILE=.\src\cg_src\r_cg_port.obj
                                  fff80650  fff80658         9
  _R_PORT_Create
                                  fff80650         9   func ,g         2
FILE=.\src\cg_src\r_cg_sbrk.obj
                                  fff80659  fff80694        3c
  _sbrk
                                  fff80659        3c   func ,g         0
FILE=.\src\cg_src\r_cg_sci.obj
                                  fff80695  fff8084b       1b7
  _R_SCI5_Create
                                  fff80695        99   func ,g         2
  _R_SCI5_Start
                                  fff8072e        34   func ,g         1
  _R_SCI5_Stop
                                  fff80762        5c   func ,g         0
  _R_SCI5_Serial_Receive
                                  fff807be        46   func ,g         2
  _R_SCI5_Serial_Send
                                  fff80804        48   func ,g         0
FILE=.\src\cg_src\r_cg_sci_user.obj
                                  fff8084c  fff80b12       2c7
  _r_sci5_transmit_interrupt
                                  fff8084c        4c   func ,l         0
  _r_sci5_transmitend_interrupt
                                  fff80898        2e   func ,l         0
  _r_sci5_receive_interrupt
                                  fff808c6        60   func ,l         0
  _r_sci5_receiveerror_interrupt
                                  fff80926        31   func ,l         0
  _r_sci5_callback_transmitend
                                  fff80957         1   func ,l         1
  _r_sci5_callback_receiveend
                                  fff80958       1ba   func ,l         1
  _r_sci5_callback_receiveerror
                                  fff80b12         1   func ,l         1
FILE=__initsct
                                  fff80b13  fff80b5c        4a
  __INITSCT
                                  fff80b13         0   none ,g         1
  loop1
                                  fff80b25         0   none ,l         1
  next_loop1
                                  fff80b33         0   none ,l         2
  loop3
                                  fff80b45         0   none ,l         1
  next_loop3
                                  fff80b56         0   none ,l         2

SECTION=EXCEPTVECT
FILE=.\src\cg_src\r_cg_vecttbl.obj
                                  ffffff80  fffffffb        7c
  _Excpt_Vectors
                                  ffffff80        7c   data ,g         0

SECTION=RESETVECT
FILE=.\src\cg_src\r_cg_vecttbl.obj
                                  fffffffc  ffffffff         4
  _Reset_Vectors
                                  fffffffc         4   data ,g         0

*** Unfilled Areas ***

AREA                                START    END

*** Delete Symbols ***

SYMBOL                                SIZE    INFO
