   1                             	r8	=	0xffef0
   2                             	r16	=	0xffee8
   3                             	r24	=	0xffee0
   4                             	r9	=	0xffef1
   5                             	r17	=	0xffee9
   6                             	r25	=	0xffee1
   7                             	r10	=	0xffef2
   8                             	r18	=	0xffeea
   9                             	r26	=	0xffee2
  10                             	r11	=	0xffef3
  11                             	r19	=	0xffeeb
  12                             	r27	=	0xffee3
  13                             	r12	=	0xffef4
  14                             	r20	=	0xffeec
  15                             	r28	=	0xffee4
  16                             	r13	=	0xffef5
  17                             	r21	=	0xffeed
  18                             	r29	=	0xffee5
  19                             	r14	=	0xffef6
  20                             	r22	=	0xffeee
  21                             	r30	=	0xffee6
  22                             	r15	=	0xffef7
  23                             	r23	=	0xffeef
  24                             	r31	=	0xffee7
  25                             	MDUC	=	0xf00e8
  26                             	MDAL	=	0xffff0
  27                             	MDAH	=	0xffff2
  28                             	MDBL	=	0xffff6
  29                             	MDBH	=	0xffff4
  30                             	MDCL	=	0xf00e0
  31                             	MDCH	=	0xf00e2
  32                             	.text
  33                             	.Ltext0:
  34                             		.global	_R_CGC_Get_ResetSource
  36                             	_R_CGC_Get_ResetSource:
  37                             	.LFB0:
  38                             		.file 1 "../src/r_cg_cgc_user.c"
   1:../src/r_cg_cgc_user.c **** /**************************************************************************************************
   2:../src/r_cg_cgc_user.c **** * DISCLAIMER
   3:../src/r_cg_cgc_user.c **** * This software is supplied by Renesas Electronics Corporation and is only intended for use with Re
   4:../src/r_cg_cgc_user.c **** * No other uses are authorized. This software is owned by Renesas Electronics Corporation and is pr
   5:../src/r_cg_cgc_user.c **** * applicable laws, including copyright laws. 
   6:../src/r_cg_cgc_user.c **** * THIS SOFTWARE IS PROVIDED "AS IS" AND RENESAS MAKES NO WARRANTIESREGARDING THIS SOFTWARE, WHETHER
   7:../src/r_cg_cgc_user.c **** * OR STATUTORY, INCLUDING BUT NOT LIMITED TO WARRANTIES OF MERCHANTABILITY, FITNESS FOR A PARTICULA
   8:../src/r_cg_cgc_user.c **** * NON-INFRINGEMENT.  ALL SUCH WARRANTIES ARE EXPRESSLY DISCLAIMED.TO THE MAXIMUM EXTENT PERMITTED N
   9:../src/r_cg_cgc_user.c **** * LAW, NEITHER RENESAS ELECTRONICS CORPORATION NOR ANY OF ITS AFFILIATED COMPANIES SHALL BE LIABLE 
  10:../src/r_cg_cgc_user.c **** * INDIRECT, SPECIAL, INCIDENTAL OR CONSEQUENTIAL DAMAGES FOR ANY REASON RELATED TO THIS SOFTWARE, E
  11:../src/r_cg_cgc_user.c **** * ITS AFFILIATES HAVE BEEN ADVISED OF THE POSSIBILITY OF SUCH DAMAGES.
  12:../src/r_cg_cgc_user.c **** * Renesas reserves the right, without notice, to make changes to this software and to discontinue t
  13:../src/r_cg_cgc_user.c **** * of this software. By using this software, you agree to the additional terms and conditions found 
  14:../src/r_cg_cgc_user.c **** * following link:
  15:../src/r_cg_cgc_user.c **** * http://www.renesas.com/disclaimer
  16:../src/r_cg_cgc_user.c **** *
  17:../src/r_cg_cgc_user.c **** * Copyright (C) 2011, 2016 Renesas Electronics Corporation. All rights reserved.
  18:../src/r_cg_cgc_user.c **** ***************************************************************************************************
  19:../src/r_cg_cgc_user.c **** 
  20:../src/r_cg_cgc_user.c **** /**************************************************************************************************
  21:../src/r_cg_cgc_user.c **** * File Name    : r_cg_cgc_user.c
  22:../src/r_cg_cgc_user.c **** * Version      : CodeGenerator for RL78/G12 V2.03.04.01 [11 Nov 2016]
  23:../src/r_cg_cgc_user.c **** * Device(s)    : R5F1026A
  24:../src/r_cg_cgc_user.c **** * Tool-Chain   : GCCRL78
  25:../src/r_cg_cgc_user.c **** * Description  : This file implements device driver for CGC module.
  26:../src/r_cg_cgc_user.c **** * Creation Date: 2018/6/5
  27:../src/r_cg_cgc_user.c **** ***************************************************************************************************
  28:../src/r_cg_cgc_user.c **** 
  29:../src/r_cg_cgc_user.c **** /**************************************************************************************************
  30:../src/r_cg_cgc_user.c **** Includes
  31:../src/r_cg_cgc_user.c **** ***************************************************************************************************
  32:../src/r_cg_cgc_user.c **** #include "r_cg_macrodriver.h"
  33:../src/r_cg_cgc_user.c **** #include "r_cg_cgc.h"
  34:../src/r_cg_cgc_user.c **** /* Start user code for include. Do not edit comment generated here */
  35:../src/r_cg_cgc_user.c **** /* End user code. Do not edit comment generated here */
  36:../src/r_cg_cgc_user.c **** #include "r_cg_userdefine.h"
  37:../src/r_cg_cgc_user.c **** 
  38:../src/r_cg_cgc_user.c **** /**************************************************************************************************
  39:../src/r_cg_cgc_user.c **** Global variables and functions
  40:../src/r_cg_cgc_user.c **** ***************************************************************************************************
  41:../src/r_cg_cgc_user.c **** /* Start user code for global. Do not edit comment generated here */
  42:../src/r_cg_cgc_user.c **** /* End user code. Do not edit comment generated here */
  43:../src/r_cg_cgc_user.c **** 
  44:../src/r_cg_cgc_user.c **** /**************************************************************************************************
  45:../src/r_cg_cgc_user.c **** * Function Name: R_CGC_Get_ResetSource
  46:../src/r_cg_cgc_user.c **** * Description  : This function process of Reset.
  47:../src/r_cg_cgc_user.c **** * Arguments    : None
  48:../src/r_cg_cgc_user.c **** * Return Value : None
  49:../src/r_cg_cgc_user.c **** ***************************************************************************************************
  50:../src/r_cg_cgc_user.c **** void R_CGC_Get_ResetSource(void)
  51:../src/r_cg_cgc_user.c **** {
  39                             		.loc 1 51 0
  40                             		; start of function
  41                             		; locals: 2 bytes
  42 0000 20 02                   		subw	sp, #2
  43                             	.LCFI0:
  52:../src/r_cg_cgc_user.c ****     uint8_t reset_flag = RESF;
  44                             		.loc 1 52 0
  45 0002 C9 F0 A8 FF             		movw	r8, #-88
  46 0006 AD F0                   		movw	ax, r8
  47 0008 BD F2                   		movw	r10, ax
  48 000a FA F2                   		movw	hl, r10
  49 000c 8B                      		mov	a, [hl]
  50 000d 9D F0                   		mov	r8, a
  51 000f 98 01                   		mov	[sp+1], a
  53:../src/r_cg_cgc_user.c ****     /* Start user code. Do not edit comment generated here */
  54:../src/r_cg_cgc_user.c ****     /* End user code. Do not edit comment generated here */
  55:../src/r_cg_cgc_user.c **** }
  52                             		.loc 1 55 0
  53 0011 10 02                   		addw	sp, #2
  54 0013 D7                      		ret
  55                             	.LFE0:
  87                             	.Letext0:
  88                             		.file 2 "../src/r_cg_macrodriver.h"
