Renesas Optimizing Linker (W2.06.00 )             16-Nov-2017 17:29:04

*** Options ***

-subcommand=LinkerSubCommand.tmp
-input="./src/cg_src/r_cg_cgc.obj"
-input="./src/cg_src/r_cg_cgc_user.obj"
-input="./src/cg_src/r_cg_dbsct.obj"
-input="./src/cg_src/r_cg_hardware_setup.obj"
-input="./src/cg_src/r_cg_intprg.obj"
-input="./src/cg_src/r_cg_main.obj"
-input="./src/cg_src/r_cg_resetprg.obj"
-input="./src/cg_src/r_cg_rtc.obj"
-input="./src/cg_src/r_cg_rtc_user.obj"
-input="./src/cg_src/r_cg_sbrk.obj"
-input="./src/cg_src/r_cg_sci.obj"
-input="./src/cg_src/r_cg_sci_user.obj"
-input="./src/cg_src/r_cg_vecttbl.obj"
-start=SU,SI,B_1,R_1,B_2,R_2,B,R/04,PResetPRG,C_1,C_2,C,C$*,D*,W*,L,PIntPRG,P/0FFF80000,EXCEPTVECT/0FFFFFF80,RESETVECT/0FFFFFFFC
-library=C:\Users\katrina\E2_STU~1\WORKSP~1\RTC_ST~1\HARDWA~2\RTC_stopwatch.lib
-noprelink
-list=RTC_stopwatch.map
-show
-nooptimize
-debug
-output=C:\Users\katrina\e2_studio\workspace\RTC_stopwatch\HardwareDebug\RTC_stopwatch.abs
-rom=D=R,D_1=R_1,D_2=R_2
-nocompress
-nomessage
-nologo

*** Error information ***

*** Mapping List ***

SECTION                            START      END         SIZE   ALIGN

SU
                                  00000004  00000103       100   4
SI
                                  00000104  00000403       300   4
B_1
                                  00000404  00000404         0   1
R_1
                                  00000404  0000041c        19   1
B_2
                                  0000041e  0000082b       40e   2
R_2
                                  0000082c  0000082c         0   1
B
                                  0000082c  00000833         8   4
R
                                  00000834  00000853        20   4
PResetPRG
                                  fff80000  fff8003d        3e   1
C_1
                                  fff8003e  fff8003e         0   1
C_2
                                  fff8003e  fff8003e         0   1
C
                                  fff80040  fff80073        34   4
C$DSEC
                                  fff80074  fff80097        24   4
C$BSEC
                                  fff80098  fff800af        18   4
C$INIT
                                  fff800b0  fff800b0         0   1
C$VECT
                                  fff800b0  fff804af       400   4
C$VTBL
                                  fff804b0  fff804b0         0   1
D
                                  fff804b0  fff804cf        20   4
D_1
                                  fff804d0  fff804e8        19   1
D_2
                                  fff804e9  fff804e9         0   1
W
                                  fff804e9  fff804e9         0   1
W_1
                                  fff804e9  fff804e9         0   1
W_2
                                  fff804e9  fff804e9         0   1
L
                                  fff804e9  fff804e9         0   1
PIntPRG
                                  fff804e9  fff804f6         e   1
P
                                  fff804f7  fff80bbe       6c8   1
EXCEPTVECT
                                  ffffff80  fffffffb        7c   4
RESETVECT
                                  fffffffc  ffffffff         4   4

*** Symbol List ***

SECTION=
FILE=                               START        END    SIZE
  SYMBOL                            ADDR        SIZE    INFO      COUNTS  OPT

SECTION=SU
FILE=.\src\cg_src\r_cg_resetprg.obj
                                  00000004  00000103       100

SECTION=SI
FILE=.\src\cg_src\r_cg_resetprg.obj
                                  00000104  00000403       300

SECTION=R_1
FILE=.\src\cg_src\r_cg_main.obj
                                  00000404  0000041c        19
  _output
                                  00000404         c   data ,g         1
  _get
                                  00000410         d   data ,g         1

SECTION=B_2
FILE=.\src\cg_src\r_cg_main.obj
                                  0000041e  00000425         8
  _count
                                  0000041e         8   data ,g         1
FILE=.\src\cg_src\r_cg_sbrk.obj
                                  00000426  00000825       400
  _heap_area
                                  00000426       400   data ,l         2
FILE=.\src\cg_src\r_cg_sci.obj
                                  00000826  0000082b         6
  _g_sci5_tx_count
                                  00000826         2   data ,g         2
  _g_sci5_rx_count
                                  00000828         2   data ,g         2
  _g_sci5_rx_length
                                  0000082a         2   data ,g         2

SECTION=B
FILE=.\src\cg_src\r_cg_sci.obj
                                  0000082c  00000833         8
  _gp_sci5_tx_address
                                  0000082c         4   data ,g         2
  _gp_sci5_rx_address
                                  00000830         4   data ,g         2

SECTION=R
FILE=.\src\cg_src\r_cg_main.obj
                                  00000834  0000084f        1c
  _flag
                                  00000834         4   data ,g         2
  _hr
                                  00000838         4   data ,g         0
  _min
                                  0000083c         4   data ,g         0
  _sec
                                  00000840         4   data ,g         0
  _tenthsecond
                                  00000844         4   data ,g         0
  _push
                                  00000848         4   data ,g         2
  _x
                                  0000084c         4   data ,g         0
FILE=.\src\cg_src\r_cg_sbrk.obj
                                  00000850  00000853         4
  _brk
                                  00000850         4   data ,l         1

SECTION=PResetPRG
FILE=.\src\cg_src\r_cg_resetprg.obj
                                  fff80000  fff8003d        3e
  _PowerON_Reset_PC
                                  fff80000        3e   entry,g         1

SECTION=C
FILE=.\src\cg_src\r_cg_dbsct.obj
                                  fff80040  fff80073        34
  __CTBL
                                  fff80040        34   data ,g         0

SECTION=C$DSEC
FILE=.\src\cg_src\r_cg_dbsct.obj
                                  fff80074  fff80097        24
  __DTBL
                                  fff80074        24   data ,g         0

SECTION=C$BSEC
FILE=.\src\cg_src\r_cg_dbsct.obj
                                  fff80098  fff800af        18
  __BTBL
                                  fff80098        18   data ,g         0

SECTION=C$VECT
FILE=.\src\cg_src\r_cg_dbsct.obj
                                  fff800b0  fff804af       400

SECTION=D
FILE=.\src\cg_src\r_cg_main.obj
                                  fff804b0  fff804cb        1c
FILE=.\src\cg_src\r_cg_sbrk.obj
                                  fff804cc  fff804cf         4

SECTION=D_1
FILE=.\src\cg_src\r_cg_main.obj
                                  fff804d0  fff804e8        19

SECTION=PIntPRG
FILE=.\src\cg_src\r_cg_intprg.obj
                                  fff804e9  fff804f6         e
  _r_undefined_exception
                                  fff804e9         2   func ,g         1
  _r_privileged_exception
                                  fff804eb         2   func ,g         1
  _r_floatingpoint_exception
                                  fff804ed         2   func ,g         1
  _r_access_exception
                                  fff804ef         2   func ,g         1
  _r_reserved_exception
                                  fff804f1         2   func ,g        13
  _r_nmi_exception
                                  fff804f3         2   func ,g         1
  _r_brk_exception
                                  fff804f5         2   func ,g         0

SECTION=P
FILE=.\src\cg_src\r_cg_cgc.obj
                                  fff804f7  fff805a5        af
  _R_CGC_Create
                                  fff804f7        af   func ,g         1
FILE=.\src\cg_src\r_cg_hardware_setup.obj
                                  fff805a6  fff805d2        2d
  _R_Systeminit
                                  fff805a6        2b   func ,g         1
  _HardwareSetup
                                  fff805d1         2   func ,g         1
FILE=.\src\cg_src\r_cg_main.obj
                                  fff805d3  fff8075b       189
  _main
                                  fff805d3       16c   func ,g         1
  _R_MAIN_UserInit
                                  fff8073f        1d   func ,l         1
FILE=.\src\cg_src\r_cg_rtc.obj
                                  fff8075c  fff80977       21c
  _R_RTC_Create
                                  fff8075c        87   func ,g         2
  _R_RTC_Start
                                  fff807e3        13   func ,g         1
  _R_RTC_Stop
                                  fff807f6        13   func ,g         0
  _R_RTC_Restart
                                  fff80809        5a   func ,g         0
  _R_RTC_Get_CalendarCounterValue
                                  fff80863        31   func ,g         1
  _R_RTC_Set_CalendarCounterValue
                                  fff80894        47   func ,g         0
  _R_RTC_Get_CalendarTimeCaptureValue1
                                  fff808db        6b   func ,g         1
  _R_RTC_Set_ConstPeriodInterruptOn
                                  fff80946        1f   func ,g         0
  _R_RTC_Set_ConstPeriodInterruptOff
                                  fff80965        13   func ,g         0
FILE=.\src\cg_src\r_cg_rtc_user.obj
                                  fff80978  fff80986         f
  _r_rtc_prd_interrupt
                                  fff80978         f   func ,l         0
FILE=.\src\cg_src\r_cg_sbrk.obj
                                  fff80987  fff809a7        21
  _sbrk
                                  fff80987        21   func ,g         0
FILE=.\src\cg_src\r_cg_sci.obj
                                  fff809a8  fff80ab0       109
  _R_SCI5_Create
                                  fff809a8        60   func ,g         2
  _R_SCI5_Start
                                  fff80a08        1b   func ,g         1
  _R_SCI5_Stop
                                  fff80a23        34   func ,g         0
  _R_SCI5_Serial_Receive
                                  fff80a57        2c   func ,g         0
  _R_SCI5_Serial_Send
                                  fff80a83        2e   func ,g         2
FILE=.\src\cg_src\r_cg_sci_user.obj
                                  fff80ab1  fff80b74        c4
  _r_sci5_transmit_interrupt
                                  fff80ab1        35   func ,l         0
  _r_sci5_transmitend_interrupt
                                  fff80ae6        24   func ,l         0
  _r_sci5_receive_interrupt
                                  fff80b0a        42   func ,l         0
  _r_sci5_receiveerror_interrupt
                                  fff80b4c        1d   func ,l         0
  _r_sci5_callback_transmitend
                                  fff80b69         a   func ,l         1
  _r_sci5_callback_receiveend
                                  fff80b73         1   func ,l         1
  _r_sci5_callback_receiveerror
                                  fff80b74         1   func ,l         1
FILE=__initsct
                                  fff80b75  fff80bbe        4a
  __INITSCT
                                  fff80b75         0   none ,g         1
  loop1
                                  fff80b87         0   none ,l         1
  next_loop1
                                  fff80b95         0   none ,l         2
  loop3
                                  fff80ba7         0   none ,l         1
  next_loop3
                                  fff80bb8         0   none ,l         2

SECTION=EXCEPTVECT
FILE=.\src\cg_src\r_cg_vecttbl.obj
                                  ffffff80  fffffffb        7c
  _Excpt_Vectors
                                  ffffff80        7c   data ,g         0

SECTION=RESETVECT
FILE=.\src\cg_src\r_cg_vecttbl.obj
                                  fffffffc  ffffffff         4
  _Reset_Vectors
                                  fffffffc         4   data ,g         0

*** Unfilled Areas ***

AREA                                START    END

*** Delete Symbols ***

SYMBOL                                SIZE    INFO
