Renesas Optimizing Linker (W2.06.00 )             01-May-2018 19:40:40

*** Options ***

-subcommand=LinkerSubCommand.tmp
-input="./src/cg_src/r_cg_cgc.obj"
-input="./src/cg_src/r_cg_cgc_user.obj"
-input="./src/cg_src/r_cg_dbsct.obj"
-input="./src/cg_src/r_cg_dmac.obj"
-input="./src/cg_src/r_cg_dmac_user.obj"
-input="./src/cg_src/r_cg_hardware_setup.obj"
-input="./src/cg_src/r_cg_intprg.obj"
-input="./src/cg_src/r_cg_main.obj"
-input="./src/cg_src/r_cg_mtu2.obj"
-input="./src/cg_src/r_cg_mtu2_user.obj"
-input="./src/cg_src/r_cg_resetprg.obj"
-input="./src/cg_src/r_cg_s12ad.obj"
-input="./src/cg_src/r_cg_s12ad_user.obj"
-input="./src/cg_src/r_cg_sbrk.obj"
-input="./src/cg_src/r_cg_sci.obj"
-input="./src/cg_src/r_cg_sci_user.obj"
-input="./src/cg_src/r_cg_vecttbl.obj"
-start=SU,SI,B_1,R_1,B_2,R_2,B,R/04,PResetPRG,C_1,C_2,C,C$*,D*,W*,L,PIntPRG,P/0FFF80000,EXCEPTVECT/0FFFFFF80,RESETVECT/0FFFFFFFC
-library=E:\BEAR\code\RX231\workspace\DMAC_ADC_Get_Value\HardwareDebug\DMAC_ADC_Get_Value.lib
-noprelink
-list=DMAC_ADC_Get_Value.map
-show
-nooptimize
-debug
-output=E:\BEAR\code\RX231\workspace\DMAC_ADC_Get_Value\HardwareDebug\DMAC_ADC_Get_Value.abs
-rom=D=R,D_1=R_1,D_2=R_2
-nocompress
-nomessage
-nologo

*** Error information ***

*** Mapping List ***

SECTION                            START      END         SIZE   ALIGN

SU
                                  00000004  00000103       100   4
SI
                                  00000104  00000403       300   4
B_1
                                  00000404  00000404         0   1
R_1
                                  00000404  00000430        2d   1
B_2
                                  00000432  00000837       406   2
R_2
                                  00000838  0000125f       a28   2
B
                                  00001260  00001273        14   4
R
                                  00001274  0000128b        18   4
PResetPRG
                                  fff80000  fff8003d        3e   1
C_1
                                  fff8003e  fff8003e         0   1
C_2
                                  fff8003e  fff8003e         0   1
C
                                  fff80040  fff80073        34   4
C$DSEC
                                  fff80074  fff80097        24   4
C$BSEC
                                  fff80098  fff800af        18   4
C$INIT
                                  fff800b0  fff800b0         0   1
C$VECT
                                  fff800b0  fff804af       400   4
C$VTBL
                                  fff804b0  fff804b0         0   1
D
                                  fff804b0  fff804c7        18   4
D_1
                                  fff804c8  fff804f4        2d   1
D_2
                                  fff804f6  fff80f1d       a28   2
W
                                  fff80f1e  fff80f1e         0   1
W_1
                                  fff80f1e  fff80f1e         0   1
W_2
                                  fff80f1e  fff80f1e         0   1
L
                                  fff80f1e  fff80f1e         0   1
PIntPRG
                                  fff80f1e  fff80f2b         e   1
P
                                  fff80f2c  fff81b89       c5e   1
EXCEPTVECT
                                  ffffff80  fffffffb        7c   4
RESETVECT
                                  fffffffc  ffffffff         4   4

*** Symbol List ***

SECTION=
FILE=                               START        END    SIZE
  SYMBOL                            ADDR        SIZE    INFO      COUNTS  OPT

SECTION=SU
FILE=.\src\cg_src\r_cg_resetprg.obj
                                  00000004  00000103       100

SECTION=SI
FILE=.\src\cg_src\r_cg_resetprg.obj
                                  00000104  00000403       300

SECTION=R_1
FILE=.\src\cg_src\r_cg_main.obj
                                  00000404  00000430        2d
  _input
                                  00000404         4   data ,g         3
  _output
                                  00000408        29   data ,g         4

SECTION=B_2
FILE=.\src\cg_src\r_cg_sbrk.obj
                                  00000432  00000831       400
  _heap_area
                                  00000432       400   data ,l         2
FILE=.\src\cg_src\r_cg_sci.obj
                                  00000832  00000837         6
  _g_sci5_tx_count
                                  00000832         2   data ,g         3
  _g_sci5_rx_count
                                  00000834         2   data ,g         4
  _g_sci5_rx_length
                                  00000836         2   data ,g         3

SECTION=R_2
FILE=.\src\cg_src\r_cg_dmac.obj
                                  00000838  0000125f       a28
  _ADC_Result
                                  00000838       a28   data ,g         3

SECTION=B
FILE=.\src\cg_src\r_cg_main.obj
                                  00001260  0000126b         c
  _voltage
                                  00001260         4   data ,g         7
  _count
                                  00001264         4   data ,g         4
  _aver
                                  00001268         4   data ,g         5
FILE=.\src\cg_src\r_cg_sci.obj
                                  0000126c  00001273         8
  _gp_sci5_tx_address
                                  0000126c         4   data ,g         3
  _gp_sci5_rx_address
                                  00001270         4   data ,g         3

SECTION=R
FILE=.\src\cg_src\r_cg_dmac_user.obj
                                  00001274  00001277         4
  _finish_flag
                                  00001274         4   data ,g         3
FILE=.\src\cg_src\r_cg_main.obj
                                  00001278  00001287        10
  _flag
                                  00001278         4   data ,g         3
  _start_flag
                                  0000127c         4   data ,g         3
  _max
                                  00001280         4   data ,g         5
  _min
                                  00001284         4   data ,g         7
FILE=.\src\cg_src\r_cg_sbrk.obj
                                  00001288  0000128b         4
  _brk
                                  00001288         4   data ,l         3

SECTION=PResetPRG
FILE=.\src\cg_src\r_cg_resetprg.obj
                                  fff80000  fff8003d        3e
  _PowerON_Reset_PC
                                  fff80000        3e   entry,g         1

SECTION=C
FILE=.\src\cg_src\r_cg_dbsct.obj
                                  fff80040  fff80073        34
  __CTBL
                                  fff80040        34   data ,g         0

SECTION=C$DSEC
FILE=.\src\cg_src\r_cg_dbsct.obj
                                  fff80074  fff80097        24
  __DTBL
                                  fff80074        24   data ,g         0

SECTION=C$BSEC
FILE=.\src\cg_src\r_cg_dbsct.obj
                                  fff80098  fff800af        18
  __BTBL
                                  fff80098        18   data ,g         0

SECTION=C$VECT
FILE=.\src\cg_src\r_cg_dbsct.obj
                                  fff800b0  fff804af       400

SECTION=D
FILE=.\src\cg_src\r_cg_dmac_user.obj
                                  fff804b0  fff804b3         4
FILE=.\src\cg_src\r_cg_main.obj
                                  fff804b4  fff804c3        10
FILE=.\src\cg_src\r_cg_sbrk.obj
                                  fff804c4  fff804c7         4

SECTION=D_1
FILE=.\src\cg_src\r_cg_main.obj
                                  fff804c8  fff804f4        2d

SECTION=D_2
FILE=.\src\cg_src\r_cg_dmac.obj
                                  fff804f6  fff80f1d       a28

SECTION=PIntPRG
FILE=.\src\cg_src\r_cg_intprg.obj
                                  fff80f1e  fff80f2b         e
  _r_undefined_exception
                                  fff80f1e         2   func ,g         1
  _r_privileged_exception
                                  fff80f20         2   func ,g         1
  _r_floatingpoint_exception
                                  fff80f22         2   func ,g         1
  _r_access_exception
                                  fff80f24         2   func ,g         1
  _r_reserved_exception
                                  fff80f26         2   func ,g        13
  _r_nmi_exception
                                  fff80f28         2   func ,g         1
  _r_brk_exception
                                  fff80f2a         2   func ,g         0

SECTION=P
FILE=.\src\cg_src\r_cg_cgc.obj
                                  fff80f2c  fff81018        ed
  _R_CGC_Create
                                  fff80f2c        ed   func ,g         1
FILE=.\src\cg_src\r_cg_dmac.obj
                                  fff81019  fff810db        c3
  _R_DMAC_Create
                                  fff81019        93   func ,g         2
  _R_DMAC0_Start
                                  fff810ac        18   func ,g         1
  _R_DMAC0_Stop
                                  fff810c4        18   func ,g         1
FILE=.\src\cg_src\r_cg_dmac_user.obj
                                  fff810dc  fff8110e        33
  _r_dmac_dmac0i_interrupt
                                  fff810dc        29   func ,l         0
  _r_dmac0_callback_transfer_end
                                  fff81105         a   func ,l         1
FILE=.\src\cg_src\r_cg_hardware_setup.obj
                                  fff8110f  fff81155        47
  _R_Systeminit
                                  fff8110f        43   func ,g         1
  _HardwareSetup
                                  fff81152         4   func ,g         1
FILE=.\src\cg_src\r_cg_main.obj
                                  fff81156  fff813f5       2a0
  _main
                                  fff81156       270   func ,g         1
  _R_MAIN_UserInit
                                  fff813c6        30   func ,l         1
FILE=.\src\cg_src\r_cg_mtu2.obj
                                  fff813f6  fff814b9        c4
  _R_MTU2_Create
                                  fff813f6        a2   func ,g         2
  _R_MTU2_C0_Start
                                  fff81498        13   func ,g         1
  _R_MTU2_C0_Stop
                                  fff814ab         f   func ,g         1
FILE=.\src\cg_src\r_cg_mtu2_user.obj
                                  fff814ba  fff814bb         2
  _r_mtu2_tgie0_interrupt
                                  fff814ba         2   func ,l         0
FILE=.\src\cg_src\r_cg_s12ad.obj
                                  fff814bc  fff817dc       321
  _R_S12AD_Create
                                  fff814bc        ce   func ,g         2
  _R_S12AD_Start
                                  fff8158a        1c   func ,g         1
  _R_S12AD_Stop
                                  fff815a6        2c   func ,g         1
  _R_S12AD_Get_ValueResult
                                  fff815d2       20b   func ,g         0
FILE=.\src\cg_src\r_cg_s12ad_user.obj
                                  fff817dd  fff817de         2
  _r_s12ad_interrupt
                                  fff817dd         2   func ,l         0
FILE=.\src\cg_src\r_cg_sbrk.obj
                                  fff817df  fff8181a        3c
  _sbrk
                                  fff817df        3c   func ,g         0
FILE=.\src\cg_src\r_cg_sci.obj
                                  fff8181b  fff819d1       1b7
  _R_SCI5_Create
                                  fff8181b        99   func ,g         2
  _R_SCI5_Start
                                  fff818b4        34   func ,g         1
  _R_SCI5_Stop
                                  fff818e8        5c   func ,g         0
  _R_SCI5_Serial_Receive
                                  fff81944        46   func ,g         2
  _R_SCI5_Serial_Send
                                  fff8198a        48   func ,g         1
FILE=.\src\cg_src\r_cg_sci_user.obj
                                  fff819d2  fff81b3f       16e
  _r_sci5_transmit_interrupt
                                  fff819d2        4c   func ,l         0
  _r_sci5_transmitend_interrupt
                                  fff81a1e        2e   func ,l         0
  _r_sci5_receive_interrupt
                                  fff81a4c        60   func ,l         0
  _r_sci5_receiveerror_interrupt
                                  fff81aac        31   func ,l         0
  _r_sci5_callback_transmitend
                                  fff81add        2f   func ,l         1
  _r_sci5_callback_receiveend
                                  fff81b0c        33   func ,l         1
  _r_sci5_callback_receiveerror
                                  fff81b3f         1   func ,l         1
FILE=__initsct
                                  fff81b40  fff81b89        4a
  __INITSCT
                                  fff81b40         0   none ,g         1
  loop1
                                  fff81b52         0   none ,l         1
  next_loop1
                                  fff81b60         0   none ,l         2
  loop3
                                  fff81b72         0   none ,l         1
  next_loop3
                                  fff81b83         0   none ,l         2

SECTION=EXCEPTVECT
FILE=.\src\cg_src\r_cg_vecttbl.obj
                                  ffffff80  fffffffb        7c
  _Excpt_Vectors
                                  ffffff80        7c   data ,g         0

SECTION=RESETVECT
FILE=.\src\cg_src\r_cg_vecttbl.obj
                                  fffffffc  ffffffff         4
  _Reset_Vectors
                                  fffffffc         4   data ,g         0

*** Unfilled Areas ***

AREA                                START    END

*** Delete Symbols ***

SYMBOL                                SIZE    INFO
