Renesas Optimizing Linker (W2.06.00 )             26-Mar-2018 21:57:34

*** Options ***

-subcommand=LinkerSubCommand.tmp
-input="./src/cg_src/r_cg_cgc.obj"
-input="./src/cg_src/r_cg_cgc_user.obj"
-input="./src/cg_src/r_cg_dbsct.obj"
-input="./src/cg_src/r_cg_hardware_setup.obj"
-input="./src/cg_src/r_cg_intprg.obj"
-input="./src/cg_src/r_cg_main.obj"
-input="./src/cg_src/r_cg_port.obj"
-input="./src/cg_src/r_cg_port_user.obj"
-input="./src/cg_src/r_cg_resetprg.obj"
-input="./src/cg_src/r_cg_sbrk.obj"
-input="./src/cg_src/r_cg_sci.obj"
-input="./src/cg_src/r_cg_sci_user.obj"
-input="./src/cg_src/r_cg_vecttbl.obj"
-start=SU,SI,B_1,R_1,B_2,R_2,B,R/04,PResetPRG,C_1,C_2,C,C$*,D*,W*,L,PIntPRG,P/0FFF80000,EXCEPTVECT/0FFFFFF80,RESETVECT/0FFFFFFFC
-library=C:\Users\katrina\E2_STU~1\WORKSP~1\WIFI_M~1\HARDWA~2\wifi_mysql.lib
-noprelink
-list=wifi_mysql.map
-show
-nooptimize
-debug
-output=C:\Users\katrina\e2_studio\workspace\wifi_mysql\HardwareDebug\wifi_mysql.abs
-rom=D=R,D_1=R_1,D_2=R_2
-nocompress
-nomessage
-nologo

*** Error information ***

*** Mapping List ***

SECTION                            START      END         SIZE   ALIGN

SU
                                  00000004  00000103       100   4
SI
                                  00000104  00000403       300   4
B_1
                                  00000404  00000404         0   1
R_1
                                  00000404  00000607       204   1
B_2
                                  00000608  00000a0d       406   2
R_2
                                  00000a0e  00000a0e         0   1
B
                                  00000a10  00000a1f        10   4
R
                                  00000a20  00000a73        54   4
PResetPRG
                                  fff80000  fff8003d        3e   1
C_1
                                  fff8003e  fff80075        38   1
C_2
                                  fff80076  fff80076         0   1
C
                                  fff80078  fff800ab        34   4
C$DSEC
                                  fff800ac  fff800cf        24   4
C$BSEC
                                  fff800d0  fff800e7        18   4
C$INIT
                                  fff800e8  fff800e8         0   1
C$VECT
                                  fff800e8  fff804e7       400   4
C$VTBL
                                  fff804e8  fff804e8         0   1
D
                                  fff804e8  fff8053b        54   4
D_1
                                  fff8053c  fff8073f       204   1
D_2
                                  fff80740  fff80740         0   1
W
                                  fff80740  fff80740         0   1
W_1
                                  fff80740  fff80740         0   1
W_2
                                  fff80740  fff80740         0   1
L
                                  fff80740  fff80740         0   1
PIntPRG
                                  fff80740  fff8074d         e   1
P
                                  fff8074e  fff81378       c2b   1
EXCEPTVECT
                                  ffffff80  fffffffb        7c   4
RESETVECT
                                  fffffffc  ffffffff         4   4

*** Symbol List ***

SECTION=
FILE=                               START        END    SIZE
  SYMBOL                            ADDR        SIZE    INFO      COUNTS  OPT

SECTION=SU
FILE=.\src\cg_src\r_cg_resetprg.obj
                                  00000004  00000103       100

SECTION=SI
FILE=.\src\cg_src\r_cg_resetprg.obj
                                  00000104  00000403       300

SECTION=R_1
FILE=.\src\cg_src\r_cg_main.obj
                                  00000404  000005a3       1a0
  _rx
                                  00000404         1   data ,g         3
  _stack
                                  00000405        64   data ,g         3
  _CIPSEND
                                  00000469         f   data ,g         5
  _GET
                                  00000478       12c   data ,g         d
FILE=.\src\cg_src\r_cg_sci_user.obj
                                  000005a4  00000607        64
  _command
                                  000005a4        64   data ,g         8

SECTION=B_2
FILE=.\src\cg_src\r_cg_sbrk.obj
                                  00000608  00000a07       400
  _heap_area
                                  00000608       400   data ,l         2
FILE=.\src\cg_src\r_cg_sci.obj
                                  00000a08  00000a0d         6
  _g_sci5_tx_count
                                  00000a08         2   data ,g         3
  _g_sci5_rx_count
                                  00000a0a         2   data ,g         4
  _g_sci5_rx_length
                                  00000a0c         2   data ,g         3

SECTION=B
FILE=.\src\cg_src\r_cg_main.obj
                                  00000a10  00000a17         8
  _s
                                  00000a10         4   data ,g         5
  _j
                                  00000a14         4   data ,g         b
FILE=.\src\cg_src\r_cg_sci.obj
                                  00000a18  00000a1f         8
  _gp_sci5_tx_address
                                  00000a18         4   data ,g         3
  _gp_sci5_rx_address
                                  00000a1c         4   data ,g         3

SECTION=R
FILE=.\src\cg_src\r_cg_main.obj
                                  00000a20  00000a67        48
  _now
                                  00000a20         4   data ,g         d
  _old
                                  00000a24         4   data ,g         4
  _count
                                  00000a28         4   data ,g         6
  _n
                                  00000a2c         4   data ,g         9
  _history
                                  00000a30        10   data ,g         2
  _x
                                  00000a40        10   data ,g         e
  _num
                                  00000a50         4   data ,g         8
  _k
                                  00000a54         4   data ,g         5
  _flag
                                  00000a58         4   data ,g         4
  _ok_flag
                                  00000a5c         4   data ,g         5
  _count_flag
                                  00000a60         4   data ,g         5
  _stack_flag
                                  00000a64         4   data ,g         4
FILE=.\src\cg_src\r_cg_sbrk.obj
                                  00000a68  00000a6b         4
  _brk
                                  00000a68         4   data ,l         3
FILE=.\src\cg_src\r_cg_sci_user.obj
                                  00000a6c  00000a73         8
  _i
                                  00000a6c         4   data ,g         7
  _tx_flag
                                  00000a70         4   data ,g         5

SECTION=PResetPRG
FILE=.\src\cg_src\r_cg_resetprg.obj
                                  fff80000  fff8003d        3e
  _PowerON_Reset_PC
                                  fff80000        3e   entry,g         1

SECTION=C_1
FILE=.\src\cg_src\r_cg_main.obj
                                  fff8003e  fff80075        38
  _OK
                                  fff8003e         2   data ,g         1
  _ERROR
                                  fff80040         5   data ,g         1
  _CLOSED
                                  fff80045         6   data ,g         1
  _FAIL
                                  fff8004b         4   data ,g         1
  _CIPSTART
                                  fff8004f        27   data ,g         1

SECTION=C
FILE=.\src\cg_src\r_cg_dbsct.obj
                                  fff80078  fff800ab        34
  __CTBL
                                  fff80078        34   data ,g         0

SECTION=C$DSEC
FILE=.\src\cg_src\r_cg_dbsct.obj
                                  fff800ac  fff800cf        24
  __DTBL
                                  fff800ac        24   data ,g         0

SECTION=C$BSEC
FILE=.\src\cg_src\r_cg_dbsct.obj
                                  fff800d0  fff800e7        18
  __BTBL
                                  fff800d0        18   data ,g         0

SECTION=C$VECT
FILE=.\src\cg_src\r_cg_dbsct.obj
                                  fff800e8  fff804e7       400

SECTION=D
FILE=.\src\cg_src\r_cg_main.obj
                                  fff804e8  fff8052f        48
FILE=.\src\cg_src\r_cg_sbrk.obj
                                  fff80530  fff80533         4
FILE=.\src\cg_src\r_cg_sci_user.obj
                                  fff80534  fff8053b         8

SECTION=D_1
FILE=.\src\cg_src\r_cg_main.obj
                                  fff8053c  fff806db       1a0
FILE=.\src\cg_src\r_cg_sci_user.obj
                                  fff806dc  fff8073f        64

SECTION=PIntPRG
FILE=.\src\cg_src\r_cg_intprg.obj
                                  fff80740  fff8074d         e
  _r_undefined_exception
                                  fff80740         2   func ,g         1
  _r_privileged_exception
                                  fff80742         2   func ,g         1
  _r_floatingpoint_exception
                                  fff80744         2   func ,g         1
  _r_access_exception
                                  fff80746         2   func ,g         1
  _r_reserved_exception
                                  fff80748         2   func ,g        13
  _r_nmi_exception
                                  fff8074a         2   func ,g         1
  _r_brk_exception
                                  fff8074c         2   func ,g         0

SECTION=P
FILE=.\src\cg_src\r_cg_cgc.obj
                                  fff8074e  fff8083a        ed
  _R_CGC_Create
                                  fff8074e        ed   func ,g         1
FILE=.\src\cg_src\r_cg_hardware_setup.obj
                                  fff8083b  fff80879        3f
  _R_Systeminit
                                  fff8083b        3b   func ,g         1
  _HardwareSetup
                                  fff80876         4   func ,g         1
FILE=.\src\cg_src\r_cg_main.obj
                                  fff8087a  fff80fea       771
  _main
                                  fff8087a       491   func ,g         1
  _R_MAIN_UserInit
                                  fff80d0b        30   func ,l         1
  _R_MAIN_CLEAR
                                  fff80d3b        3c   func ,l         3
  _FINDWORD
                                  fff80d77        a7   func ,g         4
  _R_MAIN_COMMAND
                                  fff80e1e       1cd   func ,l         1
FILE=.\src\cg_src\r_cg_port.obj
                                  fff80feb  fff80ff3         9
  _R_PORT_Create
                                  fff80feb         9   func ,g         2
FILE=.\src\cg_src\r_cg_sbrk.obj
                                  fff80ff4  fff8102f        3c
  _sbrk
                                  fff80ff4        3c   func ,g         0
FILE=.\src\cg_src\r_cg_sci.obj
                                  fff81030  fff811e6       1b7
  _R_SCI5_Create
                                  fff81030        99   func ,g         2
  _R_SCI5_Start
                                  fff810c9        34   func ,g         1
  _R_SCI5_Stop
                                  fff810fd        5c   func ,g         0
  _R_SCI5_Serial_Receive
                                  fff81159        46   func ,g         2
  _R_SCI5_Serial_Send
                                  fff8119f        48   func ,g         3
FILE=.\src\cg_src\r_cg_sci_user.obj
                                  fff811e7  fff8132e       148
  _r_sci5_transmit_interrupt
                                  fff811e7        4c   func ,l         0
  _r_sci5_transmitend_interrupt
                                  fff81233        2e   func ,l         0
  _r_sci5_receive_interrupt
                                  fff81261        60   func ,l         0
  _r_sci5_receiveerror_interrupt
                                  fff812c1        31   func ,l         0
  _r_sci5_callback_transmitend
                                  fff812f2         a   func ,l         1
  _r_sci5_callback_receiveend
                                  fff812fc        32   func ,l         1
  _r_sci5_callback_receiveerror
                                  fff8132e         1   func ,l         1
FILE=__initsct
                                  fff8132f  fff81378        4a
  __INITSCT
                                  fff8132f         0   none ,g         1
  loop1
                                  fff81341         0   none ,l         1
  next_loop1
                                  fff8134f         0   none ,l         2
  loop3
                                  fff81361         0   none ,l         1
  next_loop3
                                  fff81372         0   none ,l         2

SECTION=EXCEPTVECT
FILE=.\src\cg_src\r_cg_vecttbl.obj
                                  ffffff80  fffffffb        7c
  _Excpt_Vectors
                                  ffffff80        7c   data ,g         0

SECTION=RESETVECT
FILE=.\src\cg_src\r_cg_vecttbl.obj
                                  fffffffc  ffffffff         4
  _Reset_Vectors
                                  fffffffc         4   data ,g         0

*** Unfilled Areas ***

AREA                                START    END

*** Delete Symbols ***

SYMBOL                                SIZE    INFO
