Renesas Optimizing Linker (W2.06.00 )             12-Oct-2017 18:11:09

*** Options ***

-subcommand=LinkerSubCommand.tmp
-input="./src/cg_src/r_cg_cgc.obj"
-input="./src/cg_src/r_cg_cgc_user.obj"
-input="./src/cg_src/r_cg_cmt.obj"
-input="./src/cg_src/r_cg_cmt_user.obj"
-input="./src/cg_src/r_cg_dbsct.obj"
-input="./src/cg_src/r_cg_hardware_setup.obj"
-input="./src/cg_src/r_cg_intprg.obj"
-input="./src/cg_src/r_cg_main.obj"
-input="./src/cg_src/r_cg_port.obj"
-input="./src/cg_src/r_cg_port_user.obj"
-input="./src/cg_src/r_cg_resetprg.obj"
-input="./src/cg_src/r_cg_sbrk.obj"
-input="./src/cg_src/r_cg_vecttbl.obj"
-start=SU,SI,B_1,R_1,B_2,R_2,B,R/04,PResetPRG,C_1,C_2,C,C$*,D*,W*,L,PIntPRG,P/0FFF80000,EXCEPTVECT/0FFFFFF80,RESETVECT/0FFFFFFFC
-library=C:\Users\katrina\E2_STU~1\WORKSP~1\LEDS_S~2\HARDWA~2\LEDs_SIN_CMCOR.lib
-noprelink
-list=LEDs_SIN_CMCOR.map
-show
-nooptimize
-debug
-output=C:\Users\katrina\e2_studio\workspace\LEDs_SIN_CMCOR\HardwareDebug\LEDs_SIN_CMCOR.abs
-rom=D=R,D_1=R_1,D_2=R_2
-nocompress
-nomessage
-nologo

*** Error information ***

*** Mapping List ***

SECTION                            START      END         SIZE   ALIGN

SU
                                  00000004  00000103       100   4
SI
                                  00000104  00000403       300   4
B_1
                                  00000404  00000404         0   1
R_1
                                  00000404  00000404         0   1
B_2
                                  00000404  00000803       400   2
R_2
                                  00000804  00000804         0   1
B
                                  00000804  00000804         0   1
R
                                  00000804  0000099b       198   4
PResetPRG
                                  fff80000  fff8003d        3e   1
C_1
                                  fff8003e  fff8003e         0   1
C_2
                                  fff8003e  fff8003e         0   1
C
                                  fff80040  fff80073        34   4
C$DSEC
                                  fff80074  fff80097        24   4
C$BSEC
                                  fff80098  fff800af        18   4
C$INIT
                                  fff800b0  fff800b0         0   1
C$VECT
                                  fff800b0  fff804af       400   4
C$VTBL
                                  fff804b0  fff804b0         0   1
D
                                  fff804b0  fff80647       198   4
D_1
                                  fff80648  fff80648         0   1
D_2
                                  fff80648  fff80648         0   1
W
                                  fff80648  fff80648         0   1
W_1
                                  fff80648  fff80648         0   1
W_2
                                  fff80648  fff80648         0   1
L
                                  fff80648  fff80648         0   1
PIntPRG
                                  fff80648  fff80655         e   1
P
                                  fff80656  fff809ca       375   1
EXCEPTVECT
                                  ffffff80  fffffffb        7c   4
RESETVECT
                                  fffffffc  ffffffff         4   4

*** Symbol List ***

SECTION=
FILE=                               START        END    SIZE
  SYMBOL                            ADDR        SIZE    INFO      COUNTS  OPT

SECTION=SU
FILE=.\src\cg_src\r_cg_resetprg.obj
                                  00000004  00000103       100

SECTION=SI
FILE=.\src\cg_src\r_cg_resetprg.obj
                                  00000104  00000403       300

SECTION=B_2
FILE=.\src\cg_src\r_cg_sbrk.obj
                                  00000404  00000803       400
  _heap_area
                                  00000404       400   data ,l         2

SECTION=R
FILE=.\src\cg_src\r_cg_cmt_user.obj
                                  00000804  00000997       194
  _i
                                  00000804         4   data ,g         1
  _x
                                  00000808       190   data ,g         1
FILE=.\src\cg_src\r_cg_sbrk.obj
                                  00000998  0000099b         4
  _brk
                                  00000998         4   data ,l         1

SECTION=PResetPRG
FILE=.\src\cg_src\r_cg_resetprg.obj
                                  fff80000  fff8003d        3e
  _PowerON_Reset_PC
                                  fff80000        3e   entry,g         1

SECTION=C
FILE=.\src\cg_src\r_cg_dbsct.obj
                                  fff80040  fff80073        34
  __CTBL
                                  fff80040        34   data ,g         0

SECTION=C$DSEC
FILE=.\src\cg_src\r_cg_dbsct.obj
                                  fff80074  fff80097        24
  __DTBL
                                  fff80074        24   data ,g         0

SECTION=C$BSEC
FILE=.\src\cg_src\r_cg_dbsct.obj
                                  fff80098  fff800af        18
  __BTBL
                                  fff80098        18   data ,g         0

SECTION=C$VECT
FILE=.\src\cg_src\r_cg_dbsct.obj
                                  fff800b0  fff804af       400

SECTION=D
FILE=.\src\cg_src\r_cg_cmt_user.obj
                                  fff804b0  fff80643       194
FILE=.\src\cg_src\r_cg_sbrk.obj
                                  fff80644  fff80647         4

SECTION=PIntPRG
FILE=.\src\cg_src\r_cg_intprg.obj
                                  fff80648  fff80655         e
  _r_undefined_exception
                                  fff80648         2   func ,g         1
  _r_privileged_exception
                                  fff8064a         2   func ,g         1
  _r_floatingpoint_exception
                                  fff8064c         2   func ,g         1
  _r_access_exception
                                  fff8064e         2   func ,g         1
  _r_reserved_exception
                                  fff80650         2   func ,g        13
  _r_nmi_exception
                                  fff80652         2   func ,g         1
  _r_brk_exception
                                  fff80654         2   func ,g         0

SECTION=P
FILE=.\src\cg_src\r_cg_cgc.obj
                                  fff80656  fff806d6        81
  _R_CGC_Create
                                  fff80656        81   func ,g         1
FILE=.\src\cg_src\r_cg_cmt.obj
                                  fff806d7  fff80822       14c
  _R_CMT0_Create
                                  fff806d7        2a   func ,g         2
  _R_CMT0_Start
                                  fff80701        13   func ,g         1
  _R_CMT0_Stop
                                  fff80714        16   func ,g         0
  _R_CMT1_Create
                                  fff8072a        2a   func ,g         2
  _R_CMT1_Start
                                  fff80754        13   func ,g         2
  _R_CMT1_Stop
                                  fff80767        16   func ,g         1
  _R_CMT2_Create
                                  fff8077d        2a   func ,g         2
  _R_CMT2_Start
                                  fff807a7        13   func ,g         2
  _R_CMT2_Stop
                                  fff807ba        16   func ,g         1
  _R_CMT3_Create
                                  fff807d0        2a   func ,g         2
  _R_CMT3_Start
                                  fff807fa        13   func ,g         2
  _R_CMT3_Stop
                                  fff8080d        16   func ,g         1
FILE=.\src\cg_src\r_cg_cmt_user.obj
                                  fff80823  fff808d7        b5
  _r_cmt_cmi0_interrupt
                                  fff80823        76   func ,l         0
  _r_cmt_cmi1_interrupt
                                  fff80899        15   func ,l         0
  _r_cmt_cmi2_interrupt
                                  fff808ae        15   func ,l         0
  _r_cmt_cmi3_interrupt
                                  fff808c3        15   func ,l         0
FILE=.\src\cg_src\r_cg_hardware_setup.obj
                                  fff808d8  fff80910        39
  _R_Systeminit
                                  fff808d8        37   func ,g         1
  _HardwareSetup
                                  fff8090f         2   func ,g         1
FILE=.\src\cg_src\r_cg_main.obj
                                  fff80911  fff80956        46
  _main
                                  fff80911        29   func ,g         1
  _R_MAIN_UserInit
                                  fff8093a        1d   func ,l         1
FILE=.\src\cg_src\r_cg_port.obj
                                  fff80957  fff8095f         9
  _R_PORT_Create
                                  fff80957         9   func ,g         2
FILE=.\src\cg_src\r_cg_sbrk.obj
                                  fff80960  fff80980        21
  _sbrk
                                  fff80960        21   func ,g         0
FILE=__initsct
                                  fff80981  fff809ca        4a
  __INITSCT
                                  fff80981         0   none ,g         1
  loop1
                                  fff80993         0   none ,l         1
  next_loop1
                                  fff809a1         0   none ,l         2
  loop3
                                  fff809b3         0   none ,l         1
  next_loop3
                                  fff809c4         0   none ,l         2

SECTION=EXCEPTVECT
FILE=.\src\cg_src\r_cg_vecttbl.obj
                                  ffffff80  fffffffb        7c
  _Excpt_Vectors
                                  ffffff80        7c   data ,g         0

SECTION=RESETVECT
FILE=.\src\cg_src\r_cg_vecttbl.obj
                                  fffffffc  ffffffff         4
  _Reset_Vectors
                                  fffffffc         4   data ,g         0

*** Unfilled Areas ***

AREA                                START    END

*** Delete Symbols ***

SYMBOL                                SIZE    INFO
