Renesas Optimizing Linker (W2.06.00 )             01-Mar-2018 21:03:50

*** Options ***

-subcommand=LinkerSubCommand.tmp
-input="./src/cg_src/r_cg_cgc.obj"
-input="./src/cg_src/r_cg_cgc_user.obj"
-input="./src/cg_src/r_cg_cmt.obj"
-input="./src/cg_src/r_cg_cmt_user.obj"
-input="./src/cg_src/r_cg_dbsct.obj"
-input="./src/cg_src/r_cg_hardware_setup.obj"
-input="./src/cg_src/r_cg_icu.obj"
-input="./src/cg_src/r_cg_icu_user.obj"
-input="./src/cg_src/r_cg_intprg.obj"
-input="./src/cg_src/r_cg_main.obj"
-input="./src/cg_src/r_cg_resetprg.obj"
-input="./src/cg_src/r_cg_sbrk.obj"
-input="./src/cg_src/r_cg_sci.obj"
-input="./src/cg_src/r_cg_sci_user.obj"
-input="./src/cg_src/r_cg_vecttbl.obj"
-start=SU,SI,B_1,R_1,B_2,R_2,B,R/04,PResetPRG,C_1,C_2,C,C$*,D*,W*,L,PIntPRG,P/0FFF80000,EXCEPTVECT/0FFFFFF80,RESETVECT/0FFFFFFFC
-library=C:\Users\katrina\E2_STU~1\WORKSP~1\WIFI_C~1\HARDWA~2\wifi_count_buttom_pushed.lib
-noprelink
-list=wifi_count_buttom_pushed.map
-show
-nooptimize
-debug
-output=C:\Users\katrina\e2_studio\workspace\wifi_count_buttom_pushed\HardwareDebug\wifi_count_buttom_pushed.abs
-rom=D=R,D_1=R_1,D_2=R_2
-nocompress
-nomessage
-nologo

*** Error information ***

*** Mapping List ***

SECTION                            START      END         SIZE   ALIGN

SU
                                  00000004  00000103       100   4
SI
                                  00000104  00000403       300   4
B_1
                                  00000404  00000404         0   1
R_1
                                  00000404  00000488        85   1
B_2
                                  0000048a  0000088f       406   2
R_2
                                  00000890  00000890         0   1
B
                                  00000890  00000897         8   4
R
                                  00000898  000008b7        20   4
PResetPRG
                                  fff80000  fff8003d        3e   1
C_1
                                  fff8003e  fff8003e         0   1
C_2
                                  fff8003e  fff8003e         0   1
C
                                  fff80040  fff80073        34   4
C$DSEC
                                  fff80074  fff80097        24   4
C$BSEC
                                  fff80098  fff800af        18   4
C$INIT
                                  fff800b0  fff800b0         0   1
C$VECT
                                  fff800b0  fff804af       400   4
C$VTBL
                                  fff804b0  fff804b0         0   1
D
                                  fff804b0  fff804cf        20   4
D_1
                                  fff804d0  fff80554        85   1
D_2
                                  fff80555  fff80555         0   1
W
                                  fff80555  fff80555         0   1
W_1
                                  fff80555  fff80555         0   1
W_2
                                  fff80555  fff80555         0   1
L
                                  fff80558  fff8058f        38   4
PIntPRG
                                  fff80590  fff8059d         e   1
P
                                  fff8059e  fff80b1b       57e   1
EXCEPTVECT
                                  ffffff80  fffffffb        7c   4
RESETVECT
                                  fffffffc  ffffffff         4   4

*** Symbol List ***

SECTION=
FILE=                               START        END    SIZE
  SYMBOL                            ADDR        SIZE    INFO      COUNTS  OPT

SECTION=SU
FILE=.\src\cg_src\r_cg_resetprg.obj
                                  00000004  00000103       100

SECTION=SI
FILE=.\src\cg_src\r_cg_resetprg.obj
                                  00000104  00000403       300

SECTION=R_1
FILE=.\src\cg_src\r_cg_main.obj
                                  00000404  00000424        21
  _rx
                                  00000404         1   data ,g         2
  _get_command
                                  00000405        20   data ,g         1
FILE=.\src\cg_src\r_cg_sci_user.obj
                                  00000425  00000488        64
  _command
                                  00000425        64   data ,g         2

SECTION=B_2
FILE=.\src\cg_src\r_cg_sbrk.obj
                                  0000048a  00000889       400
  _heap_area
                                  0000048a       400   data ,l         2
FILE=.\src\cg_src\r_cg_sci.obj
                                  0000088a  0000088f         6
  _g_sci5_tx_count
                                  0000088a         2   data ,g         2
  _g_sci5_rx_count
                                  0000088c         2   data ,g         2
  _g_sci5_rx_length
                                  0000088e         2   data ,g         2

SECTION=B
FILE=.\src\cg_src\r_cg_sci.obj
                                  00000890  00000897         8
  _gp_sci5_tx_address
                                  00000890         4   data ,g         2
  _gp_sci5_rx_address
                                  00000894         4   data ,g         2

SECTION=R
FILE=.\src\cg_src\r_cg_main.obj
                                  00000898  000008af        18
  _flag
                                  00000898         4   data ,g         3
  _tx_flag
                                  0000089c         4   data ,g         2
  _ok_flag
                                  000008a0         4   data ,g         1
  _count_flag
                                  000008a4         4   data ,g         1
  _s
                                  000008a8         4   data ,g         3
  _count
                                  000008ac         4   data ,g         1
FILE=.\src\cg_src\r_cg_sbrk.obj
                                  000008b0  000008b3         4
  _brk
                                  000008b0         4   data ,l         1
FILE=.\src\cg_src\r_cg_sci_user.obj
                                  000008b4  000008b7         4
  _i
                                  000008b4         4   data ,g         4

SECTION=PResetPRG
FILE=.\src\cg_src\r_cg_resetprg.obj
                                  fff80000  fff8003d        3e
  _PowerON_Reset_PC
                                  fff80000        3e   entry,g         1

SECTION=C
FILE=.\src\cg_src\r_cg_dbsct.obj
                                  fff80040  fff80073        34
  __CTBL
                                  fff80040        34   data ,g         0

SECTION=C$DSEC
FILE=.\src\cg_src\r_cg_dbsct.obj
                                  fff80074  fff80097        24
  __DTBL
                                  fff80074        24   data ,g         0

SECTION=C$BSEC
FILE=.\src\cg_src\r_cg_dbsct.obj
                                  fff80098  fff800af        18
  __BTBL
                                  fff80098        18   data ,g         0

SECTION=C$VECT
FILE=.\src\cg_src\r_cg_dbsct.obj
                                  fff800b0  fff804af       400

SECTION=D
FILE=.\src\cg_src\r_cg_main.obj
                                  fff804b0  fff804c7        18
FILE=.\src\cg_src\r_cg_sbrk.obj
                                  fff804c8  fff804cb         4
FILE=.\src\cg_src\r_cg_sci_user.obj
                                  fff804cc  fff804cf         4

SECTION=D_1
FILE=.\src\cg_src\r_cg_main.obj
                                  fff804d0  fff804f0        21
FILE=.\src\cg_src\r_cg_sci_user.obj
                                  fff804f1  fff80554        64

SECTION=L
FILE=.\src\cg_src\r_cg_main.obj
                                  fff80558  fff8058f        38

SECTION=PIntPRG
FILE=.\src\cg_src\r_cg_intprg.obj
                                  fff80590  fff8059d         e
  _r_undefined_exception
                                  fff80590         2   func ,g         1
  _r_privileged_exception
                                  fff80592         2   func ,g         1
  _r_floatingpoint_exception
                                  fff80594         2   func ,g         1
  _r_access_exception
                                  fff80596         2   func ,g         1
  _r_reserved_exception
                                  fff80598         2   func ,g        13
  _r_nmi_exception
                                  fff8059a         2   func ,g         1
  _r_brk_exception
                                  fff8059c         2   func ,g         0

SECTION=P
FILE=.\src\cg_src\r_cg_cgc.obj
                                  fff8059e  fff8061e        81
  _R_CGC_Create
                                  fff8059e        81   func ,g         1
FILE=.\src\cg_src\r_cg_cmt.obj
                                  fff8061f  fff80671        53
  _R_CMT0_Create
                                  fff8061f        2a   func ,g         2
  _R_CMT0_Start
                                  fff80649        13   func ,g         1
  _R_CMT0_Stop
                                  fff8065c        16   func ,g         1
FILE=.\src\cg_src\r_cg_cmt_user.obj
                                  fff80672  fff80683        12
  _r_cmt_cmi0_interrupt
                                  fff80672        12   func ,l         0
FILE=.\src\cg_src\r_cg_hardware_setup.obj
                                  fff80684  fff806b4        31
  _R_Systeminit
                                  fff80684        2f   func ,g         1
  _HardwareSetup
                                  fff806b3         2   func ,g         1
FILE=.\src\cg_src\r_cg_icu.obj
                                  fff806b5  fff80702        4e
  _R_ICU_Create
                                  fff806b5        3e   func ,g         2
  _R_ICU_IRQ1_Start
                                  fff806f3         8   func ,g         1
  _R_ICU_IRQ1_Stop
                                  fff806fb         8   func ,g         0
FILE=.\src\cg_src\r_cg_icu_user.obj
                                  fff80703  fff80719        17
  _r_icu_irq1_interrupt
                                  fff80703        17   func ,l         0
FILE=.\src\cg_src\r_cg_main.obj
                                  fff8071a  fff808ba       1a1
  _main
                                  fff8071a       184   func ,g         1
  _R_MAIN_UserInit
                                  fff8089e        1d   func ,l         1
FILE=.\src\cg_src\r_cg_sbrk.obj
                                  fff808bb  fff808db        21
  _sbrk
                                  fff808bb        21   func ,g         0
FILE=.\src\cg_src\r_cg_sci.obj
                                  fff808dc  fff809e4       109
  _R_SCI5_Create
                                  fff808dc        60   func ,g         2
  _R_SCI5_Start
                                  fff8093c        1b   func ,g         1
  _R_SCI5_Stop
                                  fff80957        34   func ,g         0
  _R_SCI5_Serial_Receive
                                  fff8098b        2c   func ,g         2
  _R_SCI5_Serial_Send
                                  fff809b7        2e   func ,g         2
FILE=.\src\cg_src\r_cg_sci_user.obj
                                  fff809e5  fff80ad1        ed
  _r_sci5_transmit_interrupt
                                  fff809e5        35   func ,l         0
  _r_sci5_transmitend_interrupt
                                  fff80a1a        24   func ,l         0
  _r_sci5_receive_interrupt
                                  fff80a3e        42   func ,l         0
  _r_sci5_receiveerror_interrupt
                                  fff80a80        1d   func ,l         0
  _r_sci5_callback_transmitend
                                  fff80a9d         a   func ,l         1
  _r_sci5_callback_receiveend
                                  fff80aa7        2a   func ,l         1
  _r_sci5_callback_receiveerror
                                  fff80ad1         1   func ,l         1
FILE=__initsct
                                  fff80ad2  fff80b1b        4a
  __INITSCT
                                  fff80ad2         0   none ,g         1
  loop1
                                  fff80ae4         0   none ,l         1
  next_loop1
                                  fff80af2         0   none ,l         2
  loop3
                                  fff80b04         0   none ,l         1
  next_loop3
                                  fff80b15         0   none ,l         2

SECTION=EXCEPTVECT
FILE=.\src\cg_src\r_cg_vecttbl.obj
                                  ffffff80  fffffffb        7c
  _Excpt_Vectors
                                  ffffff80        7c   data ,g         0

SECTION=RESETVECT
FILE=.\src\cg_src\r_cg_vecttbl.obj
                                  fffffffc  ffffffff         4
  _Reset_Vectors
                                  fffffffc         4   data ,g         0

*** Unfilled Areas ***

AREA                                START    END

*** Delete Symbols ***

SYMBOL                                SIZE    INFO
